2026-08-11 12:24:05,458 WARNING 카메라 재연결 시도
2026-08-11 12:24:07,530 WARNING 리셋 → WAITING: 카메라 끊김
2026-08-11 12:24:38,578 WARNING 카메라 재연결 시도
2026-08-11 12:24:40,635 WARNING 리셋 → WAITING: 카메라 끊김
2026-08-11 12:25:11,679 WARNING 카메라 재연결 시도
2026-08-11 12:25:13,742 WARNING 리셋 → WAITING: 카메라 끊김
2026-08-11 12:25:44,790 WARNING 카메라 재연결 시도
2026-08-11 12:25:46,846 WARNING 리셋 → WAITING: 카메라 끊김
2026-08-11 12:26:17,891 WARNING 카메라 재연결 시도
2026-08-11 12:26:19,951 WARNING 리셋 → WAITING: 카메라 끊김
2026-08-11 12:26:51,007 WARNING 카메라 재연결 시도
2026-08-11 12:26:53,062 WARNING 리셋 → WAITING: 카메라 끊김
2026-08-11 12:27:24,109 WARNING 카메라 재연결 시도
2026-08-11 12:27:26,163 WARNING 리셋 → WAITING: 카메라 끊김
2026-08-11 12:27:57,206 WARNING 카메라 재연결 시도
2026-08-11 12:27:59,263 WARNING 리셋 → WAITING: 카메라 끊김
2026-08-11 12:28:30,308 WARNING 카메라 재연결 시도
2026-08-11 12:28:32,368 WARNING 리셋 → WAITING: 카메라 끊김
2026-08-11 12:29:03,412 WARNING 카메라 재연결 시도
2026-08-11 12:29:05,469 WARNING 리셋 → WAITING: 카메라 끊김
2026-08-11 12:29:36,513 WARNING 카메라 재연결 시도
2026-08-11 12:29:38,573 WARNING 리셋 → WAITING: 카메라 끊김
2026-08-11 12:30:09,616 WARNING 카메라 재연결 시도
2026-08-11 12:30:11,673 WARNING 리셋 → WAITING: 카메라 끊김
2026-08-11 12:30:42,712 WARNING 카메라 재연결 시도
2026-08-11 12:30:44,771 WARNING 리셋 → WAITING: 카메라 끊김
2026-08-11 12:31:15,816 WARNING 카메라 재연결 시도
2026-08-11 12:31:17,872 WARNING 리셋 → WAITING: 카메라 끊김
2026-08-11 12:31:48,915 WARNING 카메라 재연결 시도
2026-08-11 12:31:50,974 WARNING 리셋 → WAITING: 카메라 끊김
2026-08-11 12:32:22,017 WARNING 카메라 재연결 시도
2026-08-11 12:32:24,076 WARNING 리셋 → WAITING: 카메라 끊김
2026-08-11 12:32:55,118 WARNING 카메라 재연결 시도
2026-08-11 12:32:57,176 WARNING 리셋 → WAITING: 카메라 끊김
2026-08-11 12:33:28,220 WARNING 카메라 재연결 시도
2026-08-11 12:33:30,277 WARNING 리셋 → WAITING: 카메라 끊김
2026-08-11 12:34:01,321 WARNING 카메라 재연결 시도
2026-08-11 12:34:03,380 WARNING 리셋 → WAITING: 카메라 끊김
2026-08-11 12:34:34,423 WARNING 카메라 재연결 시도
2026-08-11 12:34:36,479 WARNING 리셋 → WAITING: 카메라 끊김
2026-08-11 12:35:07,544 WARNING 카메라 재연결 시도
2026-08-11 12:35:09,606 WARNING 리셋 → WAITING: 카메라 끊김
2026-08-11 12:35:40,697 WARNING 카메라 재연결 시도
2026-08-11 12:35:42,752 WARNING 리셋 → WAITING: 카메라 끊김
2026-08-11 12:36:13,838 WARNING 카메라 재연결 시도
2026-08-11 12:36:15,895 WARNING 리셋 → WAITING: 카메라 끊김
2026-08-11 12:40:07,540 WARNING 카메라 재연결 시도
2026-08-11 12:40:09,802 WARNING 리셋 → WAITING: 카메라 끊김
2026-08-11 12:47:45,295 WARNING 카메라 재연결 시도
2026-08-11 12:47:47,468 WARNING 리셋 → WAITING: 카메라 끊김
2026-08-11 12:48:18,518 WARNING 카메라 재연결 시도
2026-08-11 12:48:20,580 WARNING 리셋 → WAITING: 카메라 끊김
2026-08-11 12:48:51,630 WARNING 카메라 재연결 시도
2026-08-11 12:48:53,698 WARNING 리셋 → WAITING: 카메라 끊김
2026-08-11 12:49:24,742 WARNING 카메라 재연결 시도
2026-08-11 12:49:26,802 WARNING 리셋 → WAITING: 카메라 끊김
2026-08-11 12:49:57,849 WARNING 카메라 재연결 시도
2026-08-11 12:49:59,911 WARNING 리셋 → WAITING: 카메라 끊김
2026-08-11 12:50:30,955 WARNING 카메라 재연결 시도
2026-08-11 12:50:33,015 WARNING 리셋 → WAITING: 카메라 끊김
2026-08-11 12:51:04,061 WARNING 카메라 재연결 시도
2026-08-11 12:51:06,126 WARNING 리셋 → WAITING: 카메라 끊김
2026-08-11 12:51:37,171 WARNING 카메라 재연결 시도
2026-08-11 12:51:39,234 WARNING 리셋 → WAITING: 카메라 끊김
2026-08-11 12:52:10,280 WARNING 카메라 재연결 시도
2026-08-11 12:52:12,341 WARNING 리셋 → WAITING: 카메라 끊김
2026-08-11 12:52:43,383 WARNING 카메라 재연결 시도
2026-08-11 12:52:45,445 WARNING 리셋 → WAITING: 카메라 끊김
2026-08-11 12:53:16,488 WARNING 카메라 재연결 시도
2026-08-11 12:53:18,548 WARNING 리셋 → WAITING: 카메라 끊김
2026-08-11 12:53:49,591 WARNING 카메라 재연결 시도
2026-08-11 12:53:51,645 WARNING 리셋 → WAITING: 카메라 끊김
2026-08-11 12:54:22,689 WARNING 카메라 재연결 시도
2026-08-11 12:54:24,748 WARNING 리셋 → WAITING: 카메라 끊김
2026-08-11 12:54:55,794 WARNING 카메라 재연결 시도
2026-08-11 12:54:57,854 WARNING 리셋 → WAITING: 카메라 끊김
2026-08-11 12:55:28,902 WARNING 카메라 재연결 시도
2026-08-11 12:55:30,963 WARNING 리셋 → WAITING: 카메라 끊김
2026-08-11 12:56:02,048 WARNING 카메라 재연결 시도
2026-08-11 12:56:04,111 WARNING 리셋 → WAITING: 카메라 끊김
2026-08-11 12:56:35,198 WARNING 카메라 재연결 시도
2026-08-11 12:56:37,259 WARNING 리셋 → WAITING: 카메라 끊김
2026-08-11 12:57:08,350 WARNING 카메라 재연결 시도
2026-08-11 12:57:10,412 WARNING 리셋 → WAITING: 카메라 끊김
2026-08-11 12:57:41,503 WARNING 카메라 재연결 시도
2026-08-11 12:57:43,567 WARNING 리셋 → WAITING: 카메라 끊김
2026-08-11 12:58:14,662 WARNING 카메라 재연결 시도
2026-08-11 12:58:16,728 WARNING 리셋 → WAITING: 카메라 끊김
2026-08-11 12:58:47,786 WARNING 카메라 재연결 시도
2026-08-11 12:58:49,847 WARNING 리셋 → WAITING: 카메라 끊김
2026-08-11 12:59:20,889 WARNING 카메라 재연결 시도
2026-08-11 12:59:23,150 WARNING 리셋 → WAITING: 카메라 끊김
2026-08-11 13:46:03,519 WARNING 카메라 재연결 시도
2026-08-11 13:46:05,839 WARNING 리셋 → WAITING: 카메라 끊김
2026-08-11 13:46:36,887 WARNING 카메라 재연결 시도
2026-08-11 13:46:38,942 WARNING 리셋 → WAITING: 카메라 끊김
2026-08-11 13:47:09,981 WARNING 카메라 재연결 시도
2026-08-11 13:47:12,047 WARNING 리셋 → WAITING: 카메라 끊김
2026-08-11 13:47:43,095 WARNING 카메라 재연결 시도
2026-08-11 13:47:45,166 WARNING 리셋 → WAITING: 카메라 끊김
2026-08-11 13:48:16,209 WARNING 카메라 재연결 시도
2026-08-11 13:48:18,277 WARNING 리셋 → WAITING: 카메라 끊김
2026-08-11 13:48:49,325 WARNING 카메라 재연결 시도
2026-08-11 13:48:51,390 WARNING 리셋 → WAITING: 카메라 끊김
2026-08-11 13:49:22,442 WARNING 카메라 재연결 시도
2026-08-11 13:49:24,510 WARNING 리셋 → WAITING: 카메라 끊김
2026-08-11 13:49:55,560 WARNING 카메라 재연결 시도
2026-08-11 13:49:57,625 WARNING 리셋 → WAITING: 카메라 끊김
2026-08-11 13:50:53,813 WARNING 카메라 재연결 시도
2026-08-11 13:50:55,891 WARNING 리셋 → WAITING: 카메라 끊김
2026-08-11 13:51:26,987 WARNING 카메라 재연결 시도
2026-08-11 13:51:29,066 WARNING 리셋 → WAITING: 카메라 끊김
2026-08-11 14:01:40,080 WARNING 카메라 재연결 시도
2026-08-11 14:01:42,155 WARNING 리셋 → WAITING: 카메라 끊김
2026-08-11 16:11:11,296 WARNING 카메라 재연결 시도
2026-08-11 16:11:11,300 WARNING 카메라 재연결 시도
2026-08-11 16:11:13,363 WARNING 리셋 → WAITING: 카메라 끊김
2026-08-11 16:11:44,427 WARNING 카메라 재연결 시도
2026-08-11 16:11:51,436 WARNING 리셋 → WAITING: 카메라 끊김
2026-08-11 16:17:27,449 WARNING 카메라 재연결 시도
2026-08-11 19:45:42,436 WARNING 카메라 재연결 시도
2026-08-11 19:45:44,500 WARNING 리셋 → WAITING: 카메라 끊김
2026-08-11 19:46:15,555 WARNING 카메라 재연결 시도
2026-08-11 19:46:17,610 WARNING 리셋 → WAITING: 카메라 끊김
2026-08-11 19:46:48,655 WARNING 카메라 재연결 시도
2026-08-11 19:46:50,713 WARNING 리셋 → WAITING: 카메라 끊김
2026-08-13 23:14:14,453 WARNING 카메라 재연결 시도
2026-08-13 23:14:18,416 WARNING 리셋 → WAITING: 카메라 끊김
2026-08-13 23:14:49,464 WARNING 카메라 재연결 시도
2026-08-13 23:14:51,556 WARNING 리셋 → WAITING: 카메라 끊김
2026-08-13 23:15:22,605 WARNING 카메라 재연결 시도
2026-08-13 23:15:24,657 WARNING 리셋 → WAITING: 카메라 끊김
[2026-08-13 23:19:56] 시작
[2026-08-13 23:20:26] 비정상 종료 (코드 1) — 5초 후 재시작
[2026-08-13 23:20:31] 시작
[2026-08-13 23:20:42] 비정상 종료 (코드 1) — 5초 후 재시작
[2026-08-13 23:20:47] 시작
[2026-08-13 23:20:54] 비정상 종료 (코드 1) — 5초 후 재시작
[2026-08-13 23:20:59] 시작
[2026-08-13 23:21:06] 비정상 종료 (코드 1) — 5초 후 재시작
[2026-08-13 23:21:11] 시작
[2026-08-13 23:21:26] 비정상 종료 (코드 1) — 5초 후 재시작
[2026-08-13 23:21:31] 시작
[2026-08-13 23:21:40] 비정상 종료 (코드 1) — 5초 후 재시작
[2026-08-13 23:21:45] 시작
[2026-08-13 23:21:55] 비정상 종료 (코드 1) — 5초 후 재시작
[2026-08-13 23:22:00] 시작
[2026-08-13 23:22:00] 시작
[2026-08-13 23:22:10] 비정상 종료 (코드 1) — 5초 후 재시작
[2026-08-13 23:22:15] 시작
[2026-08-13 23:22:34] 비정상 종료 (코드 1) — 5초 후 재시작
[2026-08-13 23:22:39] 시작
[2026-08-13 23:22:47] 정상 종료
[2026-08-13 23:22:55] 비정상 종료 (코드 1) — 5초 후 재시작
[2026-08-13 23:23:02] 시작
[2026-08-13 23:23:10] 비정상 종료 (코드 1) — 5초 후 재시작
[2026-08-13 23:23:15] 시작
[2026-08-13 23:23:17] 시작
[2026-08-13 23:23:23] 비정상 종료 (코드 1) — 5초 후 재시작
[2026-08-13 23:23:28] 시작
[2026-08-13 23:23:47] 비정상 종료 (코드 1) — 5초 후 재시작
[2026-08-13 23:23:52] 시작
[2026-08-13 23:23:57] 정상 종료
[2026-08-13 23:24:06] 비정상 종료 (코드 1) — 5초 후 재시작
[2026-08-13 23:24:11] 시작
[2026-08-13 23:24:25] 비정상 종료 (코드 1) — 5초 후 재시작
[2026-08-13 23:24:30] 시작
[2026-08-13 23:24:39] 비정상 종료 (코드 1) — 5초 후 재시작
[2026-08-13 23:24:44] 시작
[2026-08-13 23:24:50] 비정상 종료 (코드 1) — 5초 후 재시작
[2026-08-13 23:24:55] 시작
[2026-08-13 23:25:01] 비정상 종료 (코드 1) — 5초 후 재시작
[2026-08-13 23:25:06] 시작
[2026-08-13 23:25:26] 비정상 종료 (코드 1) — 5초 후 재시작
[2026-08-13 23:25:31] 시작
[2026-08-13 23:25:36] 비정상 종료 (코드 1) — 5초 후 재시작
[2026-08-13 23:25:41] 시작
[2026-08-13 23:25:47] 비정상 종료 (코드 1) — 5초 후 재시작
[2026-08-13 23:25:52] 시작
[2026-08-13 23:25:58] 비정상 종료 (코드 1) — 5초 후 재시작
[2026-08-13 23:26:03] 시작
[2026-08-13 23:26:15] 비정상 종료 (코드 1) — 5초 후 재시작
[2026-08-13 23:26:20] 시작
[2026-08-13 23:26:28] 비정상 종료 (코드 1) — 5초 후 재시작
[2026-08-13 23:26:33] 시작
[2026-08-13 23:26:39] 비정상 종료 (코드 1) — 5초 후 재시작
[2026-08-13 23:26:44] 시작
[2026-08-13 23:26:50] 비정상 종료 (코드 1) — 5초 후 재시작
[2026-08-13 23:26:55] 시작
[2026-08-13 23:27:01] 비정상 종료 (코드 1) — 5초 후 재시작
[2026-08-13 23:27:06] 시작
[2026-08-13 23:27:12] 비정상 종료 (코드 1) — 5초 후 재시작
[2026-08-13 23:27:17] 시작
[2026-08-13 23:27:35] 비정상 종료 (코드 1) — 5초 후 재시작
[2026-08-13 23:27:40] 시작
[2026-08-13 23:27:47] 비정상 종료 (코드 1) — 5초 후 재시작
[2026-08-13 23:27:52] 시작
[2026-08-13 23:28:00] 비정상 종료 (코드 1) — 5초 후 재시작
[2026-08-13 23:28:05] 시작
[2026-08-13 23:28:07] 시작
[2026-08-13 23:28:14] 비정상 종료 (코드 1) — 5초 후 재시작
[2026-08-13 23:28:19] 시작
[2026-08-13 23:28:31] 정상 종료
[2026-08-13 23:28:38] 비정상 종료 (코드 1) — 5초 후 재시작
[2026-08-13 23:28:43] 시작
[2026-08-13 23:28:55] 비정상 종료 (코드 1) — 5초 후 재시작
[2026-08-13 23:29:00] 시작
[2026-08-13 23:29:07] 비정상 종료 (코드 1) — 5초 후 재시작
[2026-08-13 23:29:12] 시작
[2026-08-13 23:29:24] 비정상 종료 (코드 1) — 5초 후 재시작
[2026-08-13 23:29:29] 시작
[2026-08-13 23:29:37] 비정상 종료 (코드 1) — 5초 후 재시작
[2026-08-13 23:29:42] 시작
[2026-08-13 23:29:49] 비정상 종료 (코드 1) — 5초 후 재시작
[2026-08-13 23:29:54] 시작
[2026-08-13 23:30:05] 비정상 종료 (코드 1) — 5초 후 재시작
[2026-08-13 23:30:10] 시작
[2026-08-13 23:30:23] 비정상 종료 (코드 1) — 5초 후 재시작
[2026-08-13 23:30:28] 시작
[2026-08-13 23:30:36] 비정상 종료 (코드 1) — 5초 후 재시작
[2026-08-13 23:30:41] 시작
[2026-08-13 23:30:49] 비정상 종료 (코드 1) — 5초 후 재시작
[2026-08-13 23:30:54] 시작
[2026-08-13 23:31:01] 비정상 종료 (코드 1) — 5초 후 재시작
[2026-08-13 23:31:06] 시작
[2026-08-13 23:31:18] 비정상 종료 (코드 1) — 5초 후 재시작
[2026-08-13 23:31:23] 시작
[2026-08-13 23:31:39] 비정상 종료 (코드 1) — 5초 후 재시작
[2026-08-13 23:31:44] 시작
[2026-08-13 23:31:51] 비정상 종료 (코드 1) — 5초 후 재시작
[2026-08-13 23:31:56] 시작
[2026-08-13 23:32:03] 비정상 종료 (코드 1) — 5초 후 재시작
[2026-08-13 23:32:08] 시작
[2026-08-13 23:32:24] 비정상 종료 (코드 1) — 5초 후 재시작
[2026-08-13 23:32:29] 시작
[2026-08-13 23:32:38] 비정상 종료 (코드 1) — 5초 후 재시작
[2026-08-13 23:32:43] 시작
[2026-08-13 23:32:51] 비정상 종료 (코드 1) — 5초 후 재시작
[2026-08-13 23:32:56] 시작
[2026-08-13 23:33:04] 비정상 종료 (코드 1) — 5초 후 재시작
[2026-08-13 23:33:09] 시작
[2026-08-13 23:33:20] 비정상 종료 (코드 1) — 5초 후 재시작
[2026-08-13 23:33:25] 시작
[2026-08-13 23:33:32] 비정상 종료 (코드 1) — 5초 후 재시작
[2026-08-13 23:33:37] 시작
[2026-08-13 23:33:51] 비정상 종료 (코드 1) — 5초 후 재시작
[2026-08-13 23:33:56] 시작
[2026-08-13 23:34:08] 비정상 종료 (코드 1) — 5초 후 재시작
[2026-08-13 23:34:13] 시작
[2026-08-13 23:34:20] 비정상 종료 (코드 1) — 5초 후 재시작
[2026-08-13 23:34:25] 시작
[2026-08-13 23:34:32] 비정상 종료 (코드 1) — 5초 후 재시작
[2026-08-13 23:34:37] 시작
[2026-08-13 23:34:45] 비정상 종료 (코드 1) — 5초 후 재시작
[2026-08-13 23:34:50] 시작
[2026-08-13 23:34:59] 비정상 종료 (코드 1) — 5초 후 재시작
[2026-08-13 23:35:04] 시작
[2026-08-13 23:35:12] 비정상 종료 (코드 1) — 5초 후 재시작
[2026-08-13 23:35:17] 시작
[2026-08-13 23:35:24] 비정상 종료 (코드 1) — 5초 후 재시작
[2026-08-13 23:35:29] 시작
[2026-08-13 23:35:46] 비정상 종료 (코드 1) — 5초 후 재시작
[2026-08-13 23:35:51] 시작
[2026-08-13 23:35:58] 비정상 종료 (코드 1) — 5초 후 재시작
[2026-08-13 23:36:03] 시작
[2026-08-13 23:36:11] 비정상 종료 (코드 1) — 5초 후 재시작
[2026-08-13 23:36:16] 시작
[2026-08-13 23:36:23] 비정상 종료 (코드 1) — 5초 후 재시작
[2026-08-13 23:36:28] 시작
[2026-08-13 23:36:39] 비정상 종료 (코드 1) — 5초 후 재시작
[2026-08-13 23:36:44] 시작
[2026-08-13 23:36:51] 비정상 종료 (코드 1) — 5초 후 재시작
[2026-08-13 23:36:56] 시작
[2026-08-13 23:37:03] 비정상 종료 (코드 1) — 5초 후 재시작
[2026-08-13 23:37:08] 시작
[2026-08-13 23:37:21] 비정상 종료 (코드 1) — 5초 후 재시작
[2026-08-13 23:37:26] 시작
[2026-08-13 23:37:34] 비정상 종료 (코드 1) — 5초 후 재시작
[2026-08-13 23:37:39] 시작
[2026-08-13 23:37:51] 비정상 종료 (코드 1) — 5초 후 재시작
[2026-08-13 23:37:56] 시작
[2026-08-13 23:38:04] 비정상 종료 (코드 1) — 5초 후 재시작
[2026-08-13 23:38:09] 시작
[2026-08-13 23:38:19] 비정상 종료 (코드 1) — 5초 후 재시작
[2026-08-13 23:38:24] 시작
[2026-08-13 23:38:32] 비정상 종료 (코드 1) — 5초 후 재시작
[2026-08-13 23:38:37] 시작
[2026-08-13 23:38:47] 비정상 종료 (코드 1) — 5초 후 재시작
[2026-08-13 23:38:52] 시작
[2026-08-13 23:39:00] 비정상 종료 (코드 1) — 5초 후 재시작
[2026-08-13 23:39:05] 시작
[2026-08-13 23:39:18] 비정상 종료 (코드 1) — 5초 후 재시작
[2026-08-13 23:39:23] 시작
[2026-08-13 23:39:31] 비정상 종료 (코드 1) — 5초 후 재시작
[2026-08-13 23:39:36] 시작
[2026-08-13 23:39:52] 비정상 종료 (코드 1) — 5초 후 재시작
[2026-08-13 23:39:57] 시작
[2026-08-13 23:40:04] 비정상 종료 (코드 1) — 5초 후 재시작
[2026-08-13 23:40:09] 시작
[2026-08-13 23:40:17] 비정상 종료 (코드 1) — 5초 후 재시작
[2026-08-13 23:40:22] 시작
[2026-08-13 23:40:28] 비정상 종료 (코드 1) — 5초 후 재시작
[2026-08-13 23:40:33] 시작
[2026-08-13 23:40:45] 비정상 종료 (코드 1) — 5초 후 재시작
[2026-08-13 23:40:50] 시작
[2026-08-13 23:41:03] 비정상 종료 (코드 1) — 5초 후 재시작
[2026-08-13 23:41:08] 시작
[2026-08-13 23:41:16] 비정상 종료 (코드 1) — 5초 후 재시작
[2026-08-13 23:41:21] 시작
[2026-08-13 23:41:28] 비정상 종료 (코드 1) — 5초 후 재시작
[2026-08-13 23:41:33] 시작
[2026-08-13 23:41:39] 비정상 종료 (코드 1) — 5초 후 재시작
[2026-08-13 23:41:45] 시작
[2026-08-13 23:41:48] Mac Mini 모드 시작
[2026-08-13 23:41:58] 비정상 종료 (코드 1) — 5초 후 재시작
[2026-08-13 23:42:03] 시작
[2026-08-13 23:42:18] 비정상 종료 (코드 1) — 5초 후 재시작
[2026-08-13 23:42:23] 시작
[2026-08-13 23:42:41] 비정상 종료 (코드 1) — 5초 후 재시작
[2026-08-13 23:42:46] 시작
[2026-08-13 23:42:57] 비정상 종료 (코드 1) — 5초 후 재시작
[2026-08-13 23:43:02] 시작
[2026-08-13 23:43:25] 비정상 종료 (코드 1) — 5초 후 재시작
[2026-08-13 23:43:30] 시작
[2026-08-13 23:43:46] 비정상 종료 (코드 1) — 5초 후 재시작
[2026-08-13 23:43:51] 시작
[2026-08-13 23:44:02] 비정상 종료 (코드 1) — 5초 후 재시작
[2026-08-13 23:44:07] 시작
[2026-08-13 23:44:20] 비정상 종료 (코드 1) — 5초 후 재시작
[2026-08-13 23:44:25] 시작
[2026-08-13 23:44:34] 비정상 종료 (코드 1) — 5초 후 재시작
[2026-08-13 23:44:39] 시작
[2026-08-13 23:44:55] 비정상 종료 (코드 1) — 5초 후 재시작
[2026-08-13 23:45:00] 시작
[2026-08-13 23:45:12] 정상 종료
[2026-08-13 23:45:15] 비정상 종료 (코드 1) — 5초 후 재시작
[2026-08-13 23:45:20] 시작
[2026-08-13 23:45:28] 비정상 종료 (코드 1) — 5초 후 재시작
[2026-08-13 23:45:33] 시작
[2026-08-13 23:45:46] 비정상 종료 (코드 1) — 5초 후 재시작
[2026-08-13 23:45:51] 시작
[2026-08-13 23:45:58] 비정상 종료 (코드 1) — 5초 후 재시작
[2026-08-13 23:46:03] 시작
[2026-08-13 23:46:16] 비정상 종료 (코드 1) — 5초 후 재시작
[2026-08-13 23:46:21] 시작
[2026-08-13 23:46:27] 비정상 종료 (코드 1) — 5초 후 재시작
[2026-08-13 23:46:32] 시작
[2026-08-13 23:46:37] 비정상 종료 (코드 1) — 5초 후 재시작
[2026-08-13 23:46:42] 시작
[2026-08-13 23:46:53] 비정상 종료 (코드 1) — 5초 후 재시작
[2026-08-13 23:46:58] 시작
[2026-08-13 23:47:04] 비정상 종료 (코드 1) — 5초 후 재시작
[2026-08-13 23:47:09] 시작
[2026-08-13 23:47:20] 비정상 종료 (코드 1) — 5초 후 재시작
[2026-08-13 23:47:25] 시작
[2026-08-13 23:47:32] 비정상 종료 (코드 1) — 5초 후 재시작
[2026-08-13 23:47:37] 시작
[2026-08-13 23:47:43] 비정상 종료 (코드 1) — 5초 후 재시작
[2026-08-13 23:47:48] 시작
[2026-08-13 23:47:54] 비정상 종료 (코드 1) — 5초 후 재시작
[2026-08-13 23:47:59] 시작
[2026-08-13 23:48:13] 비정상 종료 (코드 1) — 5초 후 재시작
[2026-08-13 23:48:18] 시작
[2026-08-13 23:48:24] 비정상 종료 (코드 1) — 5초 후 재시작
[2026-08-13 23:48:29] 시작
[2026-08-13 23:48:35] 비정상 종료 (코드 1) — 5초 후 재시작
[2026-08-13 23:48:40] 시작
[2026-08-13 23:48:47] 비정상 종료 (코드 1) — 5초 후 재시작
[2026-08-13 23:48:52] 시작
[2026-08-13 23:48:58] 비정상 종료 (코드 1) — 5초 후 재시작
[2026-08-13 23:49:03] 시작
[2026-08-13 23:49:16] 비정상 종료 (코드 1) — 5초 후 재시작
[2026-08-13 23:49:21] 시작
[2026-08-13 23:49:29] 비정상 종료 (코드 1) — 5초 후 재시작
[2026-08-13 23:49:34] 시작
[2026-08-13 23:49:41] 비정상 종료 (코드 1) — 5초 후 재시작
[2026-08-13 23:49:46] 시작
[2026-08-13 23:49:52] 비정상 종료 (코드 1) — 5초 후 재시작
[2026-08-13 23:49:57] 시작
[2026-08-13 23:50:04] 비정상 종료 (코드 1) — 5초 후 재시작
[2026-08-13 23:50:09] 시작
[2026-08-13 23:50:26] 비정상 종료 (코드 1) — 5초 후 재시작
[2026-08-13 23:50:31] 시작
[2026-08-13 23:50:39] 비정상 종료 (코드 1) — 5초 후 재시작
[2026-08-13 23:50:44] 시작
[2026-08-13 23:50:51] 비정상 종료 (코드 1) — 5초 후 재시작
[2026-08-13 23:50:56] 시작
[2026-08-13 23:51:03] 비정상 종료 (코드 1) — 5초 후 재시작
[2026-08-13 23:51:08] 시작
[2026-08-13 23:51:15] 비정상 종료 (코드 1) — 5초 후 재시작
[2026-08-13 23:51:20] 시작
[2026-08-13 23:51:26] 비정상 종료 (코드 1) — 5초 후 재시작
[2026-08-13 23:51:31] 시작
[2026-08-13 23:51:46] 비정상 종료 (코드 1) — 5초 후 재시작
[2026-08-13 23:51:51] 시작
[2026-08-13 23:51:59] 비정상 종료 (코드 1) — 5초 후 재시작
[2026-08-13 23:52:04] 시작
[2026-08-13 23:52:11] 비정상 종료 (코드 1) — 5초 후 재시작
[2026-08-13 23:52:16] 시작
[2026-08-13 23:52:23] 비정상 종료 (코드 1) — 5초 후 재시작
[2026-08-13 23:52:28] 시작
[2026-08-13 23:52:42] 비정상 종료 (코드 1) — 5초 후 재시작
[2026-08-13 23:52:47] 시작
[2026-08-13 23:52:53] 비정상 종료 (코드 1) — 5초 후 재시작
[2026-08-13 23:52:58] 시작
[2026-08-13 23:53:05] 비정상 종료 (코드 1) — 5초 후 재시작
[2026-08-13 23:53:10] 시작
[2026-08-13 23:53:22] 비정상 종료 (코드 1) — 5초 후 재시작
[2026-08-13 23:53:27] 시작
[2026-08-13 23:53:34] 비정상 종료 (코드 1) — 5초 후 재시작
[2026-08-13 23:53:39] 시작
[2026-08-13 23:53:45] 비정상 종료 (코드 1) — 5초 후 재시작
[2026-08-13 23:53:50] 시작
[2026-08-13 23:53:56] 비정상 종료 (코드 1) — 5초 후 재시작
[2026-08-13 23:54:01] 시작
[2026-08-13 23:54:07] 비정상 종료 (코드 1) — 5초 후 재시작
[2026-08-13 23:54:12] 시작
[2026-08-13 23:54:19] 비정상 종료 (코드 1) — 5초 후 재시작
[2026-08-13 23:54:24] 시작
[2026-08-13 23:54:30] 비정상 종료 (코드 1) — 5초 후 재시작
[2026-08-13 23:54:35] 시작
[2026-08-13 23:54:41] 비정상 종료 (코드 1) — 5초 후 재시작
[2026-08-13 23:54:46] 시작
[2026-08-13 23:54:52] 비정상 종료 (코드 1) — 5초 후 재시작
[2026-08-13 23:54:57] 시작
[2026-08-13 23:55:03] 비정상 종료 (코드 1) — 5초 후 재시작
[2026-08-13 23:55:08] 시작
[2026-08-13 23:55:14] 비정상 종료 (코드 1) — 5초 후 재시작
[2026-08-13 23:55:19] 시작
[2026-08-13 23:55:26] 비정상 종료 (코드 1) — 5초 후 재시작
[2026-08-13 23:55:31] 시작
[2026-08-13 23:55:37] 비정상 종료 (코드 1) — 5초 후 재시작
[2026-08-13 23:55:42] 시작
[2026-08-13 23:55:48] 비정상 종료 (코드 1) — 5초 후 재시작
[2026-08-13 23:55:53] 시작
[2026-08-13 23:55:59] 비정상 종료 (코드 1) — 5초 후 재시작
[2026-08-13 23:56:04] 시작
[2026-08-13 23:56:11] 비정상 종료 (코드 1) — 5초 후 재시작
[2026-08-13 23:56:16] 시작
[2026-08-13 23:56:22] 비정상 종료 (코드 1) — 5초 후 재시작
[2026-08-13 23:56:27] 시작
[2026-08-13 23:56:33] 비정상 종료 (코드 1) — 5초 후 재시작
[2026-08-13 23:56:38] 시작
[2026-08-13 23:56:44] 비정상 종료 (코드 1) — 5초 후 재시작
[2026-08-13 23:56:49] 시작
[2026-08-13 23:56:55] 비정상 종료 (코드 1) — 5초 후 재시작
[2026-08-13 23:57:00] 시작
[2026-08-13 23:57:06] 비정상 종료 (코드 1) — 5초 후 재시작
[2026-08-13 23:57:11] 시작
[2026-08-13 23:57:17] 비정상 종료 (코드 1) — 5초 후 재시작
[2026-08-13 23:57:22] 시작
[2026-08-13 23:57:29] 비정상 종료 (코드 1) — 5초 후 재시작
[2026-08-13 23:57:34] 시작
[2026-08-13 23:57:40] 비정상 종료 (코드 1) — 5초 후 재시작
[2026-08-13 23:57:45] 시작
[2026-08-13 23:57:51] 비정상 종료 (코드 1) — 5초 후 재시작
[2026-08-13 23:57:56] 시작
[2026-08-13 23:58:03] 비정상 종료 (코드 1) — 5초 후 재시작
[2026-08-13 23:58:08] 시작
[2026-08-13 23:58:14] 비정상 종료 (코드 1) — 5초 후 재시작
[2026-08-13 23:58:19] 시작
[2026-08-13 23:58:31] 비정상 종료 (코드 1) — 5초 후 재시작
[2026-08-13 23:58:36] 시작
[2026-08-13 23:58:47] 비정상 종료 (코드 1) — 5초 후 재시작
[2026-08-13 23:58:52] 시작
[2026-08-13 23:58:59] 비정상 종료 (코드 1) — 5초 후 재시작
[2026-08-13 23:59:04] 시작
[2026-08-13 23:59:10] 비정상 종료 (코드 1) — 5초 후 재시작
[2026-08-13 23:59:15] 시작
[2026-08-13 23:59:21] 비정상 종료 (코드 1) — 5초 후 재시작
[2026-08-13 23:59:27] 시작
[2026-08-13 23:59:33] 비정상 종료 (코드 1) — 5초 후 재시작
[2026-08-13 23:59:38] 시작
[2026-08-13 23:59:44] 비정상 종료 (코드 1) — 5초 후 재시작
[2026-08-13 23:59:49] 시작
[2026-08-13 23:59:55] 비정상 종료 (코드 1) — 5초 후 재시작
[2026-08-14 00:00:00] 시작
[2026-08-14 00:00:07] 비정상 종료 (코드 1) — 5초 후 재시작
[2026-08-14 00:00:12] 시작
[2026-08-14 00:00:18] 비정상 종료 (코드 1) — 5초 후 재시작
[2026-08-14 00:00:23] 시작
[2026-08-14 00:00:29] 비정상 종료 (코드 1) — 5초 후 재시작
[2026-08-14 00:00:34] 시작
[2026-08-14 00:00:43] 비정상 종료 (코드 1) — 5초 후 재시작
[2026-08-14 00:00:48] 시작
[2026-08-14 00:00:54] 비정상 종료 (코드 1) — 5초 후 재시작
[2026-08-14 00:00:59] 시작
[2026-08-14 00:01:05] 비정상 종료 (코드 1) — 5초 후 재시작
[2026-08-14 00:01:10] 시작
[2026-08-14 00:01:16] 비정상 종료 (코드 1) — 5초 후 재시작
[2026-08-14 00:01:21] 시작
[2026-08-14 00:01:27] 비정상 종료 (코드 1) — 5초 후 재시작
[2026-08-14 00:01:32] 시작
[2026-08-14 00:01:38] 비정상 종료 (코드 1) — 5초 후 재시작
[2026-08-14 00:01:43] 시작
[2026-08-14 00:01:49] 비정상 종료 (코드 1) — 5초 후 재시작
[2026-08-14 00:01:54] 시작
[2026-08-14 00:02:00] 비정상 종료 (코드 1) — 5초 후 재시작
[2026-08-14 00:02:05] 시작
[2026-08-14 00:02:12] 비정상 종료 (코드 1) — 5초 후 재시작
[2026-08-14 00:02:17] 시작
[2026-08-14 00:02:23] 비정상 종료 (코드 1) — 5초 후 재시작
[2026-08-14 00:02:28] 시작
[2026-08-14 00:02:35] 비정상 종료 (코드 1) — 5초 후 재시작
[2026-08-14 00:02:40] 시작
[2026-08-14 00:02:47] 비정상 종료 (코드 1) — 5초 후 재시작
[2026-08-14 00:02:52] 시작
[2026-08-14 00:02:58] 비정상 종료 (코드 1) — 5초 후 재시작
[2026-08-14 00:03:03] 시작
[2026-08-14 00:03:09] 비정상 종료 (코드 1) — 5초 후 재시작
[2026-08-14 00:03:14] 시작
[2026-08-14 00:03:21] 비정상 종료 (코드 1) — 5초 후 재시작
[2026-08-14 00:03:26] 시작
[2026-08-14 00:03:32] 비정상 종료 (코드 1) — 5초 후 재시작
[2026-08-14 00:03:37] 시작
[2026-08-14 00:03:43] 비정상 종료 (코드 1) — 5초 후 재시작
[2026-08-14 00:03:48] 시작
[2026-08-14 00:03:54] 비정상 종료 (코드 1) — 5초 후 재시작
[2026-08-14 00:03:59] 시작
[2026-08-14 00:04:07] 비정상 종료 (코드 1) — 5초 후 재시작
[2026-08-14 00:04:12] 시작
[2026-08-14 00:04:18] 비정상 종료 (코드 1) — 5초 후 재시작
[2026-08-14 00:04:23] 시작
[2026-08-14 00:04:30] 비정상 종료 (코드 1) — 5초 후 재시작
[2026-08-14 00:04:35] 시작
[2026-08-14 00:04:41] 비정상 종료 (코드 1) — 5초 후 재시작
[2026-08-14 00:04:46] 시작
[2026-08-14 00:04:52] 비정상 종료 (코드 1) — 5초 후 재시작
[2026-08-14 00:04:57] 시작
[2026-08-14 00:05:03] 비정상 종료 (코드 1) — 5초 후 재시작
[2026-08-14 00:05:09] 시작
[2026-08-14 00:05:16] 비정상 종료 (코드 1) — 5초 후 재시작
[2026-08-14 00:05:21] 시작
[2026-08-14 00:05:28] 비정상 종료 (코드 1) — 5초 후 재시작
[2026-08-14 00:05:33] 시작
[2026-08-14 00:05:39] 비정상 종료 (코드 1) — 5초 후 재시작
[2026-08-14 00:05:44] 시작
[2026-08-14 00:05:50] 비정상 종료 (코드 1) — 5초 후 재시작
[2026-08-14 00:05:55] 시작
[2026-08-14 00:06:02] 비정상 종료 (코드 1) — 5초 후 재시작
[2026-08-14 00:06:07] 시작
[2026-08-14 00:06:13] 비정상 종료 (코드 1) — 5초 후 재시작
[2026-08-14 00:06:18] 시작
[2026-08-14 00:06:31] 비정상 종료 (코드 1) — 5초 후 재시작
[2026-08-14 00:06:36] 시작
[2026-08-14 00:06:44] 비정상 종료 (코드 1) — 5초 후 재시작
[2026-08-14 00:06:49] 시작
[2026-08-14 00:06:55] 비정상 종료 (코드 1) — 5초 후 재시작
[2026-08-14 00:07:00] 시작
[2026-08-14 00:07:06] 비정상 종료 (코드 1) — 5초 후 재시작
[2026-08-14 00:07:11] 시작
[2026-08-14 00:07:18] 비정상 종료 (코드 1) — 5초 후 재시작
[2026-08-14 00:07:23] 시작
[2026-08-14 00:07:29] 비정상 종료 (코드 1) — 5초 후 재시작
[2026-08-14 00:07:34] 시작
[2026-08-14 00:07:40] 비정상 종료 (코드 1) — 5초 후 재시작
[2026-08-14 00:07:45] 시작
[2026-08-14 00:07:52] 비정상 종료 (코드 1) — 5초 후 재시작
[2026-08-14 00:07:57] 시작
[2026-08-14 00:08:03] 비정상 종료 (코드 1) — 5초 후 재시작
[2026-08-14 00:08:08] 시작
[2026-08-14 00:08:16] 비정상 종료 (코드 1) — 5초 후 재시작
[2026-08-14 00:08:19] 시작
[2026-08-14 00:08:21] 시작
[2026-08-14 00:08:30] 비정상 종료 (코드 1) — 5초 후 재시작
[2026-08-14 00:08:35] 시작
[2026-08-14 00:08:43] 비정상 종료 (코드 1) — 5초 후 재시작
[2026-08-14 00:08:44] 정상 종료
[2026-08-14 00:08:48] 시작
[2026-08-14 00:08:55] 비정상 종료 (코드 1) — 5초 후 재시작
[2026-08-14 00:09:00] 시작
[2026-08-14 00:09:06] 비정상 종료 (코드 1) — 5초 후 재시작
[2026-08-14 00:09:11] 시작
[2026-08-14 00:09:17] 비정상 종료 (코드 1) — 5초 후 재시작
[2026-08-14 00:09:22] 시작
[2026-08-14 00:09:29] 비정상 종료 (코드 1) — 5초 후 재시작
[2026-08-14 00:09:34] 시작
[2026-08-14 00:09:42] 비정상 종료 (코드 1) — 5초 후 재시작
[2026-08-14 00:09:47] 시작
[2026-08-14 00:09:53] 비정상 종료 (코드 1) — 5초 후 재시작
[2026-08-14 00:09:58] 시작
[2026-08-14 00:10:05] 비정상 종료 (코드 1) — 5초 후 재시작
[2026-08-14 00:10:10] 시작
[2026-08-14 00:10:17] 비정상 종료 (코드 1) — 5초 후 재시작
[2026-08-14 00:10:22] 시작
[2026-08-14 00:10:29] 비정상 종료 (코드 1) — 5초 후 재시작
[2026-08-14 00:10:34] 시작
[2026-08-14 00:10:41] 비정상 종료 (코드 1) — 5초 후 재시작
[2026-08-14 00:10:46] 시작
[2026-08-14 00:10:52] 비정상 종료 (코드 1) — 5초 후 재시작
[2026-08-14 00:10:57] 시작
[2026-08-14 00:11:04] 비정상 종료 (코드 1) — 5초 후 재시작
[2026-08-14 00:11:09] 시작
[2026-08-14 00:11:16] 비정상 종료 (코드 1) — 5초 후 재시작
[2026-08-14 00:11:21] 시작
[2026-08-14 00:11:27] 비정상 종료 (코드 1) — 5초 후 재시작
[2026-08-14 00:11:32] 시작
[2026-08-14 00:11:38] 비정상 종료 (코드 1) — 5초 후 재시작
[2026-08-14 00:11:43] 시작
[2026-08-14 00:11:49] 비정상 종료 (코드 1) — 5초 후 재시작
[2026-08-14 00:11:54] 시작
[2026-08-14 00:12:00] 비정상 종료 (코드 1) — 5초 후 재시작
[2026-08-14 00:12:05] 시작
[2026-08-14 00:12:12] 비정상 종료 (코드 1) — 5초 후 재시작
[2026-08-14 00:12:17] 시작
[2026-08-14 00:12:23] 비정상 종료 (코드 1) — 5초 후 재시작
[2026-08-14 00:12:28] 시작
[2026-08-14 00:12:34] 비정상 종료 (코드 1) — 5초 후 재시작
[2026-08-14 00:12:39] 시작
[2026-08-14 00:12:45] 비정상 종료 (코드 1) — 5초 후 재시작
[2026-08-14 00:12:50] 시작
[2026-08-14 00:12:56] 비정상 종료 (코드 1) — 5초 후 재시작
[2026-08-14 00:13:01] 시작
[2026-08-14 00:13:09] 비정상 종료 (코드 1) — 5초 후 재시작
[2026-08-14 00:13:14] 시작
[2026-08-14 00:13:20] 비정상 종료 (코드 1) — 5초 후 재시작
[2026-08-14 00:13:25] 시작
[2026-08-14 00:13:31] 비정상 종료 (코드 1) — 5초 후 재시작
[2026-08-14 00:13:36] 시작
[2026-08-14 00:13:43] 비정상 종료 (코드 1) — 5초 후 재시작
[2026-08-14 00:13:48] 시작
[2026-08-14 00:13:54] 비정상 종료 (코드 1) — 5초 후 재시작
[2026-08-14 00:13:59] 시작
[2026-08-14 00:14:05] 비정상 종료 (코드 1) — 5초 후 재시작
[2026-08-14 00:14:10] 시작
[2026-08-14 00:14:17] 비정상 종료 (코드 1) — 5초 후 재시작
[2026-08-14 00:14:22] 시작
[2026-08-14 00:14:31] 비정상 종료 (코드 1) — 5초 후 재시작
[2026-08-14 00:14:36] 시작
[2026-08-14 00:14:43] 비정상 종료 (코드 1) — 5초 후 재시작
[2026-08-14 00:14:48] 시작
[2026-08-14 00:14:54] 비정상 종료 (코드 1) — 5초 후 재시작
[2026-08-14 00:14:59] 시작
[2026-08-14 00:15:05] 비정상 종료 (코드 1) — 5초 후 재시작
[2026-08-14 00:15:10] 시작
[2026-08-14 00:15:16] 비정상 종료 (코드 1) — 5초 후 재시작
[2026-08-14 00:15:21] 시작
[2026-08-14 00:15:28] 비정상 종료 (코드 1) — 5초 후 재시작
[2026-08-14 00:15:33] 시작
[2026-08-14 00:15:39] 비정상 종료 (코드 1) — 5초 후 재시작
[2026-08-14 00:15:44] 시작
[2026-08-14 00:15:50] 비정상 종료 (코드 1) — 5초 후 재시작
[2026-08-14 00:15:55] 시작
[2026-08-14 00:16:03] 비정상 종료 (코드 1) — 5초 후 재시작
[2026-08-14 00:16:08] 시작
[2026-08-14 00:16:14] 비정상 종료 (코드 1) — 5초 후 재시작
[2026-08-14 00:16:19] 시작
[2026-08-14 00:16:26] 비정상 종료 (코드 1) — 5초 후 재시작
[2026-08-14 00:16:31] 시작
[2026-08-14 00:16:40] 비정상 종료 (코드 1) — 5초 후 재시작
[2026-08-14 00:16:45] 시작
[2026-08-14 00:16:51] 비정상 종료 (코드 1) — 5초 후 재시작
[2026-08-14 00:16:56] 시작
[2026-08-14 00:17:02] 비정상 종료 (코드 1) — 5초 후 재시작
[2026-08-14 00:17:07] 시작
[2026-08-14 00:17:15] 비정상 종료 (코드 1) — 5초 후 재시작
[2026-08-14 00:17:20] 시작
[2026-08-14 00:17:26] 비정상 종료 (코드 1) — 5초 후 재시작
[2026-08-14 00:17:31] 시작
[2026-08-14 00:17:37] 비정상 종료 (코드 1) — 5초 후 재시작
[2026-08-14 00:17:42] 시작
[2026-08-14 00:17:48] 비정상 종료 (코드 1) — 5초 후 재시작
[2026-08-14 00:17:53] 시작
[2026-08-14 00:18:03] 비정상 종료 (코드 1) — 5초 후 재시작
[2026-08-14 00:18:08] 시작
[2026-08-14 00:18:14] 비정상 종료 (코드 1) — 5초 후 재시작
[2026-08-14 00:18:19] 시작
[2026-08-14 00:18:26] 비정상 종료 (코드 1) — 5초 후 재시작
[2026-08-14 00:18:31] 시작
[2026-08-14 00:18:33] 시작
[2026-08-14 00:18:39] 비정상 종료 (코드 1) — 5초 후 재시작
[2026-08-14 00:18:44] 시작
[2026-08-14 00:19:00] 비정상 종료 (코드 1) — 5초 후 재시작
[2026-08-14 00:19:03] 정상 종료
[2026-08-14 00:19:05] 시작
[2026-08-14 00:19:09] Mac Mini 모드 시작
[2026-08-14 00:19:18] 비정상 종료 (코드 1) — 5초 후 재시작
[2026-08-14 00:19:23] 시작
[2026-08-14 00:19:32] 정상 종료
[2026-08-14 00:19:34] 비정상 종료 (코드 1) — 5초 후 재시작
[2026-08-14 11:28:16] Mac Mini 모드 시작
2026-08-14 11:29:10,547 WARNING 카메라 재연결 시도
2026-08-14 11:29:12,607 WARNING 리셋 → WAITING: 카메라 끊김
2026-08-14 11:29:43,655 WARNING 카메라 재연결 시도
2026-08-14 11:29:45,708 WARNING 리셋 → WAITING: 카메라 끊김
2026-08-14 11:30:16,758 WARNING 카메라 재연결 시도
2026-08-14 11:30:18,817 WARNING 리셋 → WAITING: 카메라 끊김
2026-08-14 11:30:49,867 WARNING 카메라 재연결 시도
2026-08-14 11:30:51,916 WARNING 리셋 → WAITING: 카메라 끊김
2026-08-14 11:31:22,964 WARNING 카메라 재연결 시도
2026-08-14 11:31:25,012 WARNING 리셋 → WAITING: 카메라 끊김
2026-08-14 11:31:56,061 WARNING 카메라 재연결 시도
2026-08-14 11:31:58,093 WARNING 리셋 → WAITING: 카메라 끊김
2026-08-14 11:32:29,139 WARNING 카메라 재연결 시도
2026-08-14 11:32:31,170 WARNING 리셋 → WAITING: 카메라 끊김
2026-08-14 11:33:02,211 WARNING 카메라 재연결 시도
2026-08-14 11:33:04,251 WARNING 리셋 → WAITING: 카메라 끊김
2026-08-14 11:33:35,293 WARNING 카메라 재연결 시도
2026-08-14 11:33:37,351 WARNING 리셋 → WAITING: 카메라 끊김
[2026-08-14 11:33:41] 시작
2026-08-14 11:34:08,399 WARNING 카메라 재연결 시도
2026-08-14 11:34:10,431 WARNING 리셋 → WAITING: 카메라 끊김
2026-08-14 11:34:41,480 WARNING 카메라 재연결 시도
2026-08-14 11:34:43,507 WARNING 리셋 → WAITING: 카메라 끊김
2026-08-14 11:35:14,558 WARNING 카메라 재연결 시도
2026-08-14 11:35:16,577 WARNING 리셋 → WAITING: 카메라 끊김
2026-08-14 11:35:47,629 WARNING 카메라 재연결 시도
2026-08-14 11:35:49,649 WARNING 리셋 → WAITING: 카메라 끊김
2026-08-14 11:36:20,700 WARNING 카메라 재연결 시도
2026-08-14 11:36:22,721 WARNING 리셋 → WAITING: 카메라 끊김
2026-08-14 11:36:53,774 WARNING 카메라 재연결 시도
2026-08-14 11:36:55,797 WARNING 리셋 → WAITING: 카메라 끊김
2026-08-14 11:37:26,846 WARNING 카메라 재연결 시도
2026-08-14 11:37:28,868 WARNING 리셋 → WAITING: 카메라 끊김
2026-08-14 11:37:59,919 WARNING 카메라 재연결 시도
2026-08-14 11:38:01,958 WARNING 리셋 → WAITING: 카메라 끊김
2026-08-14 11:38:33,011 WARNING 카메라 재연결 시도
2026-08-14 11:38:35,029 WARNING 리셋 → WAITING: 카메라 끊김
2026-08-14 11:39:06,094 WARNING 카메라 재연결 시도
2026-08-14 11:39:08,148 WARNING 리셋 → WAITING: 카메라 끊김
2026-08-14 11:39:39,253 WARNING 카메라 재연결 시도
2026-08-14 11:39:41,293 WARNING 리셋 → WAITING: 카메라 끊김
2026-08-14 11:40:12,402 WARNING 카메라 재연결 시도
2026-08-14 11:40:14,526 WARNING 리셋 → WAITING: 카메라 끊김
2026-08-14 11:40:45,638 WARNING 카메라 재연결 시도
2026-08-14 11:40:47,697 WARNING 리셋 → WAITING: 카메라 끊김
2026-08-14 11:41:18,805 WARNING 카메라 재연결 시도
2026-08-14 11:41:20,832 WARNING 리셋 → WAITING: 카메라 끊김
2026-08-14 11:41:51,822 WARNING 카메라 재연결 시도
2026-08-14 11:41:53,851 WARNING 리셋 → WAITING: 카메라 끊김
2026-08-14 11:42:24,950 WARNING 카메라 재연결 시도
2026-08-14 11:42:26,977 WARNING 리셋 → WAITING: 카메라 끊김
2026-08-14 11:42:58,081 WARNING 카메라 재연결 시도
2026-08-14 11:43:00,100 WARNING 리셋 → WAITING: 카메라 끊김
2026-08-14 11:43:31,196 WARNING 카메라 재연결 시도
2026-08-14 11:43:33,221 WARNING 리셋 → WAITING: 카메라 끊김
2026-08-14 11:44:04,330 WARNING 카메라 재연결 시도
2026-08-14 11:44:06,356 WARNING 리셋 → WAITING: 카메라 끊김
2026-08-14 11:44:37,461 WARNING 카메라 재연결 시도
2026-08-14 11:44:39,488 WARNING 리셋 → WAITING: 카메라 끊김
2026-08-14 11:45:10,597 WARNING 카메라 재연결 시도
2026-08-14 11:45:12,618 WARNING 리셋 → WAITING: 카메라 끊김
2026-08-14 11:45:43,726 WARNING 카메라 재연결 시도
2026-08-14 11:45:45,769 WARNING 리셋 → WAITING: 카메라 끊김
2026-08-14 11:46:16,878 WARNING 카메라 재연결 시도
2026-08-14 11:46:18,917 WARNING 리셋 → WAITING: 카메라 끊김
2026-08-14 11:46:50,019 WARNING 카메라 재연결 시도
2026-08-14 11:46:52,044 WARNING 리셋 → WAITING: 카메라 끊김
2026-08-14 11:47:23,150 WARNING 카메라 재연결 시도
2026-08-14 11:47:25,171 WARNING 리셋 → WAITING: 카메라 끊김
2026-08-14 11:47:56,277 WARNING 카메라 재연결 시도
2026-08-14 11:47:58,304 WARNING 리셋 → WAITING: 카메라 끊김
2026-08-14 11:48:29,408 WARNING 카메라 재연결 시도
2026-08-14 11:48:31,433 WARNING 리셋 → WAITING: 카메라 끊김
2026-08-14 11:49:02,539 WARNING 카메라 재연결 시도
2026-08-14 11:49:04,565 WARNING 리셋 → WAITING: 카메라 끊김
2026-08-14 11:49:35,666 WARNING 카메라 재연결 시도
2026-08-14 11:49:37,685 WARNING 리셋 → WAITING: 카메라 끊김
2026-08-14 11:50:08,790 WARNING 카메라 재연결 시도
2026-08-14 11:50:10,819 WARNING 리셋 → WAITING: 카메라 끊김
2026-08-14 11:50:41,925 WARNING 카메라 재연결 시도
2026-08-14 11:50:43,945 WARNING 리셋 → WAITING: 카메라 끊김
2026-08-14 11:51:15,046 WARNING 카메라 재연결 시도
2026-08-14 11:51:17,077 WARNING 리셋 → WAITING: 카메라 끊김
2026-08-14 11:51:48,185 WARNING 카메라 재연결 시도
2026-08-14 11:51:50,430 WARNING 리셋 → WAITING: 카메라 끊김
2026-08-14 11:52:21,533 WARNING 카메라 재연결 시도
2026-08-14 11:52:23,556 WARNING 리셋 → WAITING: 카메라 끊김
2026-08-14 11:52:54,652 WARNING 카메라 재연결 시도
2026-08-14 11:52:56,982 WARNING 리셋 → WAITING: 카메라 끊김
2026-08-14 11:53:28,089 WARNING 카메라 재연결 시도
2026-08-14 11:53:30,118 WARNING 리셋 → WAITING: 카메라 끊김
2026-08-14 11:54:01,224 WARNING 카메라 재연결 시도
2026-08-14 11:54:03,251 WARNING 리셋 → WAITING: 카메라 끊김
2026-08-14 11:54:34,348 WARNING 카메라 재연결 시도
2026-08-14 11:54:36,386 WARNING 리셋 → WAITING: 카메라 끊김
2026-08-14 11:55:07,492 WARNING 카메라 재연결 시도
2026-08-14 11:55:09,523 WARNING 리셋 → WAITING: 카메라 끊김
2026-08-14 11:55:40,623 WARNING 카메라 재연결 시도
2026-08-14 11:55:42,668 WARNING 리셋 → WAITING: 카메라 끊김
2026-08-14 11:56:13,775 WARNING 카메라 재연결 시도
2026-08-14 11:56:15,797 WARNING 리셋 → WAITING: 카메라 끊김
2026-08-14 11:56:46,887 WARNING 카메라 재연결 시도
2026-08-14 11:56:48,909 WARNING 리셋 → WAITING: 카메라 끊김
2026-08-14 11:57:19,999 WARNING 카메라 재연결 시도
2026-08-14 11:57:22,019 WARNING 리셋 → WAITING: 카메라 끊김
2026-08-14 11:57:53,109 WARNING 카메라 재연결 시도
2026-08-14 11:57:55,136 WARNING 리셋 → WAITING: 카메라 끊김
2026-08-14 11:58:26,239 WARNING 카메라 재연결 시도
2026-08-14 11:58:28,257 WARNING 리셋 → WAITING: 카메라 끊김
2026-08-14 11:58:59,362 WARNING 카메라 재연결 시도
2026-08-14 11:59:01,395 WARNING 리셋 → WAITING: 카메라 끊김
2026-08-14 11:59:32,500 WARNING 카메라 재연결 시도
2026-08-14 11:59:34,515 WARNING 리셋 → WAITING: 카메라 끊김
2026-08-14 12:00:05,620 WARNING 카메라 재연결 시도
2026-08-14 12:00:07,639 WARNING 리셋 → WAITING: 카메라 끊김
2026-08-14 12:00:38,748 WARNING 카메라 재연결 시도
2026-08-14 12:00:40,766 WARNING 리셋 → WAITING: 카메라 끊김
2026-08-14 12:01:11,878 WARNING 카메라 재연결 시도
2026-08-14 12:01:13,903 WARNING 리셋 → WAITING: 카메라 끊김
2026-08-14 12:01:45,010 WARNING 카메라 재연결 시도
2026-08-14 12:01:47,032 WARNING 리셋 → WAITING: 카메라 끊김
2026-08-14 12:02:18,137 WARNING 카메라 재연결 시도
2026-08-14 12:02:20,176 WARNING 리셋 → WAITING: 카메라 끊김
2026-08-14 12:02:49,270 WARNING 카메라 재연결 시도
2026-08-14 12:02:51,246 WARNING 카메라 재연결 시도
2026-08-14 12:02:51,447 WARNING 리셋 → WAITING: 카메라 끊김
2026-08-14 12:02:53,285 WARNING 리셋 → WAITING: 카메라 끊김
[2026-08-14 12:02:55] 정상 종료
2026-08-14 12:03:24,328 WARNING 카메라 재연결 시도
2026-08-14 12:03:26,369 WARNING 리셋 → WAITING: 카메라 끊김
2026-08-14 12:03:57,414 WARNING 카메라 재연결 시도
2026-08-14 12:03:59,452 WARNING 리셋 → WAITING: 카메라 끊김
2026-08-14 12:04:30,497 WARNING 카메라 재연결 시도
2026-08-14 12:04:32,552 WARNING 리셋 → WAITING: 카메라 끊김
2026-08-14 12:05:03,592 WARNING 카메라 재연결 시도
2026-08-14 12:05:05,640 WARNING 리셋 → WAITING: 카메라 끊김
2026-08-14 12:05:36,686 WARNING 카메라 재연결 시도
2026-08-14 12:05:38,728 WARNING 리셋 → WAITING: 카메라 끊김
2026-08-14 12:06:09,773 WARNING 카메라 재연결 시도
2026-08-14 12:06:11,820 WARNING 리셋 → WAITING: 카메라 끊김
2026-08-14 12:06:42,865 WARNING 카메라 재연결 시도
2026-08-14 12:06:44,919 WARNING 리셋 → WAITING: 카메라 끊김
2026-08-14 12:07:15,962 WARNING 카메라 재연결 시도
2026-08-14 12:07:18,008 WARNING 리셋 → WAITING: 카메라 끊김
2026-08-14 12:07:49,053 WARNING 카메라 재연결 시도
2026-08-14 12:07:51,106 WARNING 리셋 → WAITING: 카메라 끊김
2026-08-14 12:08:22,153 WARNING 카메라 재연결 시도
2026-08-14 12:08:24,191 WARNING 리셋 → WAITING: 카메라 끊김
2026-08-14 12:08:55,235 WARNING 카메라 재연결 시도
2026-08-14 12:08:57,340 WARNING 리셋 → WAITING: 카메라 끊김
2026-08-14 12:09:28,388 WARNING 카메라 재연결 시도
2026-08-14 12:09:30,423 WARNING 리셋 → WAITING: 카메라 끊김
2026-08-14 12:10:01,467 WARNING 카메라 재연결 시도
2026-08-14 12:10:03,517 WARNING 리셋 → WAITING: 카메라 끊김
2026-08-14 12:10:34,562 WARNING 카메라 재연결 시도
2026-08-14 12:10:36,611 WARNING 리셋 → WAITING: 카메라 끊김
2026-08-14 12:11:07,652 WARNING 카메라 재연결 시도
2026-08-14 12:11:09,704 WARNING 리셋 → WAITING: 카메라 끊김
2026-08-14 12:11:40,748 WARNING 카메라 재연결 시도
2026-08-14 12:11:42,786 WARNING 리셋 → WAITING: 카메라 끊김
2026-08-14 12:12:13,829 WARNING 카메라 재연결 시도
2026-08-14 12:12:15,864 WARNING 리셋 → WAITING: 카메라 끊김
2026-08-14 12:12:46,907 WARNING 카메라 재연결 시도
2026-08-14 12:12:48,942 WARNING 리셋 → WAITING: 카메라 끊김
2026-08-14 12:13:19,989 WARNING 카메라 재연결 시도
2026-08-14 12:13:22,031 WARNING 리셋 → WAITING: 카메라 끊김
2026-08-14 12:13:53,077 WARNING 카메라 재연결 시도
2026-08-14 12:13:55,114 WARNING 리셋 → WAITING: 카메라 끊김
2026-08-14 12:14:26,159 WARNING 카메라 재연결 시도
2026-08-14 12:14:28,203 WARNING 리셋 → WAITING: 카메라 끊김
2026-08-14 12:14:59,248 WARNING 카메라 재연결 시도
2026-08-14 12:15:01,288 WARNING 리셋 → WAITING: 카메라 끊김
2026-08-14 12:15:32,332 WARNING 카메라 재연결 시도
2026-08-14 12:15:34,376 WARNING 리셋 → WAITING: 카메라 끊김
2026-08-14 12:16:05,424 WARNING 카메라 재연결 시도
2026-08-14 12:16:07,462 WARNING 리셋 → WAITING: 카메라 끊김
2026-08-14 12:16:38,506 WARNING 카메라 재연결 시도
2026-08-14 12:16:40,550 WARNING 리셋 → WAITING: 카메라 끊김
2026-08-14 12:17:11,593 WARNING 카메라 재연결 시도
2026-08-14 12:17:13,633 WARNING 리셋 → WAITING: 카메라 끊김
2026-08-14 12:17:44,677 WARNING 카메라 재연결 시도
2026-08-14 12:17:46,719 WARNING 리셋 → WAITING: 카메라 끊김
2026-08-14 12:18:17,765 WARNING 카메라 재연결 시도
2026-08-14 12:18:19,801 WARNING 리셋 → WAITING: 카메라 끊김
2026-08-14 12:18:50,843 WARNING 카메라 재연결 시도
2026-08-14 12:18:52,885 WARNING 리셋 → WAITING: 카메라 끊김
2026-08-14 12:19:23,931 WARNING 카메라 재연결 시도
2026-08-14 12:19:25,972 WARNING 리셋 → WAITING: 카메라 끊김
2026-08-14 12:19:57,020 WARNING 카메라 재연결 시도
2026-08-14 12:19:59,061 WARNING 리셋 → WAITING: 카메라 끊김
2026-08-14 12:20:30,106 WARNING 카메라 재연결 시도
2026-08-14 12:20:34,765 WARNING 리셋 → WAITING: 카메라 끊김
2026-08-14 12:21:05,807 WARNING 카메라 재연결 시도
2026-08-14 12:21:07,855 WARNING 리셋 → WAITING: 카메라 끊김
2026-08-14 12:21:38,904 WARNING 카메라 재연결 시도
2026-08-14 12:21:40,943 WARNING 리셋 → WAITING: 카메라 끊김
2026-08-14 12:22:11,986 WARNING 카메라 재연결 시도
2026-08-14 12:22:14,054 WARNING 리셋 → WAITING: 카메라 끊김
2026-08-14 12:22:45,097 WARNING 카메라 재연결 시도
2026-08-14 12:22:47,146 WARNING 리셋 → WAITING: 카메라 끊김
2026-08-14 12:23:18,186 WARNING 카메라 재연결 시도
2026-08-14 12:23:20,230 WARNING 리셋 → WAITING: 카메라 끊김
2026-08-14 12:23:51,275 WARNING 카메라 재연결 시도
2026-08-14 12:23:53,316 WARNING 리셋 → WAITING: 카메라 끊김
2026-08-14 12:24:24,361 WARNING 카메라 재연결 시도
2026-08-14 12:24:26,415 WARNING 리셋 → WAITING: 카메라 끊김
2026-08-14 12:24:57,465 WARNING 카메라 재연결 시도
2026-08-14 12:24:59,514 WARNING 리셋 → WAITING: 카메라 끊김
2026-08-14 12:25:30,560 WARNING 카메라 재연결 시도
2026-08-14 12:25:32,605 WARNING 리셋 → WAITING: 카메라 끊김
2026-08-14 12:26:03,652 WARNING 카메라 재연결 시도
2026-08-14 12:26:05,694 WARNING 리셋 → WAITING: 카메라 끊김
2026-08-14 12:26:36,740 WARNING 카메라 재연결 시도
2026-08-14 12:26:38,784 WARNING 리셋 → WAITING: 카메라 끊김
2026-08-14 12:27:09,828 WARNING 카메라 재연결 시도
2026-08-14 12:27:11,870 WARNING 리셋 → WAITING: 카메라 끊김
2026-08-14 12:27:42,915 WARNING 카메라 재연결 시도
2026-08-14 12:27:44,968 WARNING 리셋 → WAITING: 카메라 끊김
2026-08-14 12:28:16,010 WARNING 카메라 재연결 시도
2026-08-14 12:28:18,050 WARNING 리셋 → WAITING: 카메라 끊김
2026-08-14 12:28:49,099 WARNING 카메라 재연결 시도
2026-08-14 12:28:51,152 WARNING 리셋 → WAITING: 카메라 끊김
2026-08-14 12:29:22,195 WARNING 카메라 재연결 시도
2026-08-14 12:29:24,239 WARNING 리셋 → WAITING: 카메라 끊김
2026-08-14 12:29:55,286 WARNING 카메라 재연결 시도
2026-08-14 12:29:57,337 WARNING 리셋 → WAITING: 카메라 끊김
2026-08-14 12:30:28,383 WARNING 카메라 재연결 시도
2026-08-14 12:30:30,435 WARNING 리셋 → WAITING: 카메라 끊김
2026-08-14 12:31:01,482 WARNING 카메라 재연결 시도
2026-08-14 12:31:03,534 WARNING 리셋 → WAITING: 카메라 끊김
2026-08-14 12:31:34,583 WARNING 카메라 재연결 시도
2026-08-14 12:31:36,632 WARNING 리셋 → WAITING: 카메라 끊김
2026-08-14 12:32:07,683 WARNING 카메라 재연결 시도
2026-08-14 12:32:09,737 WARNING 리셋 → WAITING: 카메라 끊김
2026-08-14 12:32:40,791 WARNING 카메라 재연결 시도
2026-08-14 12:32:42,840 WARNING 리셋 → WAITING: 카메라 끊김
2026-08-14 12:33:13,889 WARNING 카메라 재연결 시도
2026-08-14 12:33:15,943 WARNING 리셋 → WAITING: 카메라 끊김
[2026-08-14 12:34:10] 시작
[2026-08-14 12:34:39] 시작
2026-08-14 12:35:38,658 WARNING 카메라 재연결 시도
2026-08-14 12:35:40,745 WARNING 리셋 → WAITING: 카메라 끊김
2026-08-14 12:36:11,795 WARNING 카메라 재연결 시도
2026-08-14 12:36:13,840 WARNING 리셋 → WAITING: 카메라 끊김
2026-08-14 12:36:44,890 WARNING 카메라 재연결 시도
2026-08-14 12:36:46,932 WARNING 리셋 → WAITING: 카메라 끊김
2026-08-14 12:37:17,980 WARNING 카메라 재연결 시도
2026-08-14 12:37:20,027 WARNING 리셋 → WAITING: 카메라 끊김
2026-08-14 12:37:51,076 WARNING 카메라 재연결 시도
2026-08-14 12:37:53,122 WARNING 리셋 → WAITING: 카메라 끊김
[2026-08-14 12:38:19] 시작
[2026-08-14 19:14:27] 시작
[2026-08-14 19:15:03] 시작
[2026-08-14 19:15:26] 시작
2026-08-14 19:27:51,109 WARNING 카메라 재연결 시도
2026-08-14 19:27:53,281 WARNING 리셋 → WAITING: 카메라 끊김
[2026-08-15 11:23:47] 시작
2026-08-15 11:24:30,497 WARNING 카메라 재연결 시도
2026-08-15 11:24:32,542 WARNING 리셋 → WAITING: 카메라 끊김
[2026-08-15 11:24:53] 시작
2026-08-15 11:26:32,092 WARNING 카메라 재연결 시도
2026-08-15 11:26:34,175 WARNING 리셋 → WAITING: 카메라 끊김
2026-08-15 11:27:05,223 WARNING 카메라 재연결 시도
2026-08-15 11:27:07,267 WARNING 리셋 → WAITING: 카메라 끊김
2026-08-15 11:27:38,316 WARNING 카메라 재연결 시도
2026-08-15 11:27:40,365 WARNING 리셋 → WAITING: 카메라 끊김
2026-08-15 11:28:11,412 WARNING 카메라 재연결 시도
2026-08-15 11:28:13,467 WARNING 리셋 → WAITING: 카메라 끊김
2026-08-15 11:28:44,511 WARNING 카메라 재연결 시도
2026-08-15 11:28:46,689 WARNING 리셋 → WAITING: 카메라 끊김
2026-08-15 11:29:18,155 WARNING 카메라 재연결 시도
2026-08-15 11:29:20,250 WARNING 리셋 → WAITING: 카메라 끊김
2026-08-15 11:29:51,378 WARNING 카메라 재연결 시도
2026-08-15 11:29:53,428 WARNING 리셋 → WAITING: 카메라 끊김
2026-08-15 11:30:24,476 WARNING 카메라 재연결 시도
2026-08-15 11:30:26,512 WARNING 리셋 → WAITING: 카메라 끊김
2026-08-15 11:30:57,574 WARNING 카메라 재연결 시도
2026-08-15 11:30:59,626 WARNING 리셋 → WAITING: 카메라 끊김
2026-08-15 11:31:30,725 WARNING 카메라 재연결 시도
2026-08-15 11:31:32,772 WARNING 리셋 → WAITING: 카메라 끊김
2026-08-15 11:32:03,866 WARNING 카메라 재연결 시도
2026-08-15 11:32:05,909 WARNING 리셋 → WAITING: 카메라 끊김
2026-08-15 11:32:37,006 WARNING 카메라 재연결 시도
2026-08-15 11:32:39,043 WARNING 리셋 → WAITING: 카메라 끊김
2026-08-15 11:33:10,126 WARNING 카메라 재연결 시도
2026-08-15 11:33:12,162 WARNING 리셋 → WAITING: 카메라 끊김
2026-08-15 11:33:43,252 WARNING 카메라 재연결 시도
2026-08-15 11:33:45,303 WARNING 리셋 → WAITING: 카메라 끊김
2026-08-15 11:34:16,405 WARNING 카메라 재연결 시도
2026-08-15 11:34:18,453 WARNING 리셋 → WAITING: 카메라 끊김
2026-08-15 11:34:49,554 WARNING 카메라 재연결 시도
2026-08-15 11:34:51,601 WARNING 리셋 → WAITING: 카메라 끊김
2026-08-15 11:35:22,690 WARNING 카메라 재연결 시도
2026-08-15 11:35:24,734 WARNING 리셋 → WAITING: 카메라 끊김
2026-08-15 11:35:55,831 WARNING 카메라 재연결 시도
2026-08-15 11:35:57,876 WARNING 리셋 → WAITING: 카메라 끊김
2026-08-15 11:36:28,971 WARNING 카메라 재연결 시도
2026-08-15 11:36:31,017 WARNING 리셋 → WAITING: 카메라 끊김
2026-08-15 11:37:02,118 WARNING 카메라 재연결 시도
2026-08-15 11:37:04,164 WARNING 리셋 → WAITING: 카메라 끊김
2026-08-15 11:37:35,253 WARNING 카메라 재연결 시도
2026-08-15 11:37:37,299 WARNING 리셋 → WAITING: 카메라 끊김
2026-08-15 11:38:08,397 WARNING 카메라 재연결 시도
2026-08-15 11:38:10,444 WARNING 리셋 → WAITING: 카메라 끊김
2026-08-15 11:38:41,522 WARNING 카메라 재연결 시도
2026-08-15 11:38:43,565 WARNING 리셋 → WAITING: 카메라 끊김
2026-08-15 11:39:14,666 WARNING 카메라 재연결 시도
2026-08-15 11:39:16,713 WARNING 리셋 → WAITING: 카메라 끊김
2026-08-15 11:39:47,821 WARNING 카메라 재연결 시도
2026-08-15 11:39:49,869 WARNING 리셋 → WAITING: 카메라 끊김
2026-08-15 11:40:20,963 WARNING 카메라 재연결 시도
2026-08-15 11:40:23,013 WARNING 리셋 → WAITING: 카메라 끊김
2026-08-15 11:40:54,118 WARNING 카메라 재연결 시도
2026-08-15 11:40:56,183 WARNING 리셋 → WAITING: 카메라 끊김
2026-08-15 11:41:27,277 WARNING 카메라 재연결 시도
2026-08-15 11:41:29,334 WARNING 리셋 → WAITING: 카메라 끊김
2026-08-15 11:42:00,435 WARNING 카메라 재연결 시도
2026-08-15 11:42:02,496 WARNING 리셋 → WAITING: 카메라 끊김
2026-08-15 11:42:33,590 WARNING 카메라 재연결 시도
2026-08-15 11:42:35,649 WARNING 리셋 → WAITING: 카메라 끊김
2026-08-15 11:43:06,743 WARNING 카메라 재연결 시도
2026-08-15 11:43:08,801 WARNING 리셋 → WAITING: 카메라 끊김
2026-08-15 11:43:39,898 WARNING 카메라 재연결 시도
2026-08-15 11:43:41,953 WARNING 리셋 → WAITING: 카메라 끊김
2026-08-15 11:44:13,042 WARNING 카메라 재연결 시도
2026-08-15 11:44:15,100 WARNING 리셋 → WAITING: 카메라 끊김
2026-08-15 11:44:46,193 WARNING 카메라 재연결 시도
2026-08-15 11:44:48,253 WARNING 리셋 → WAITING: 카메라 끊김
2026-08-15 11:45:19,345 WARNING 카메라 재연결 시도
2026-08-15 11:45:21,403 WARNING 리셋 → WAITING: 카메라 끊김
2026-08-15 11:45:52,506 WARNING 카메라 재연결 시도
2026-08-15 11:45:54,564 WARNING 리셋 → WAITING: 카메라 끊김
2026-08-15 11:46:25,657 WARNING 카메라 재연결 시도
2026-08-15 11:46:27,718 WARNING 리셋 → WAITING: 카메라 끊김
2026-08-15 11:46:58,810 WARNING 카메라 재연결 시도
2026-08-15 11:47:00,867 WARNING 리셋 → WAITING: 카메라 끊김
2026-08-15 11:47:31,956 WARNING 카메라 재연결 시도
2026-08-15 11:47:34,015 WARNING 리셋 → WAITING: 카메라 끊김
2026-08-15 11:48:05,111 WARNING 카메라 재연결 시도
2026-08-15 11:48:07,172 WARNING 리셋 → WAITING: 카메라 끊김
2026-08-15 11:48:38,258 WARNING 카메라 재연결 시도
2026-08-15 11:48:40,317 WARNING 리셋 → WAITING: 카메라 끊김
2026-08-15 11:49:11,419 WARNING 카메라 재연결 시도
2026-08-15 11:49:13,479 WARNING 리셋 → WAITING: 카메라 끊김
2026-08-15 11:49:44,561 WARNING 카메라 재연결 시도
2026-08-15 11:49:46,621 WARNING 리셋 → WAITING: 카메라 끊김
2026-08-15 11:50:17,711 WARNING 카메라 재연결 시도
2026-08-15 11:50:19,771 WARNING 리셋 → WAITING: 카메라 끊김
2026-08-15 11:50:50,866 WARNING 카메라 재연결 시도
2026-08-15 11:50:52,924 WARNING 리셋 → WAITING: 카메라 끊김
2026-08-15 11:51:24,022 WARNING 카메라 재연결 시도
2026-08-15 11:51:26,082 WARNING 리셋 → WAITING: 카메라 끊김
2026-08-15 11:51:57,175 WARNING 카메라 재연결 시도
2026-08-15 11:51:59,233 WARNING 리셋 → WAITING: 카메라 끊김
2026-08-15 11:52:30,317 WARNING 카메라 재연결 시도
2026-08-15 11:52:32,377 WARNING 리셋 → WAITING: 카메라 끊김
2026-08-15 11:53:03,465 WARNING 카메라 재연결 시도
2026-08-15 11:53:05,522 WARNING 리셋 → WAITING: 카메라 끊김
2026-08-15 11:53:36,579 WARNING 카메라 재연결 시도
2026-08-15 11:53:38,635 WARNING 리셋 → WAITING: 카메라 끊김
2026-08-15 11:54:09,711 WARNING 카메라 재연결 시도
2026-08-15 11:54:11,769 WARNING 리셋 → WAITING: 카메라 끊김
2026-08-15 11:54:42,865 WARNING 카메라 재연결 시도
2026-08-15 11:54:44,918 WARNING 리셋 → WAITING: 카메라 끊김
2026-08-15 11:55:16,014 WARNING 카메라 재연결 시도
2026-08-15 11:55:18,074 WARNING 리셋 → WAITING: 카메라 끊김
2026-08-15 11:55:49,159 WARNING 카메라 재연결 시도
2026-08-15 11:55:51,217 WARNING 리셋 → WAITING: 카메라 끊김
2026-08-15 11:56:22,312 WARNING 카메라 재연결 시도
2026-08-15 11:56:24,372 WARNING 리셋 → WAITING: 카메라 끊김
2026-08-15 11:56:55,464 WARNING 카메라 재연결 시도
2026-08-15 11:56:57,522 WARNING 리셋 → WAITING: 카메라 끊김
2026-08-15 11:57:28,612 WARNING 카메라 재연결 시도
2026-08-15 11:57:30,670 WARNING 리셋 → WAITING: 카메라 끊김
2026-08-15 11:58:01,747 WARNING 카메라 재연결 시도
2026-08-15 11:58:03,801 WARNING 리셋 → WAITING: 카메라 끊김
2026-08-15 11:58:34,886 WARNING 카메라 재연결 시도
2026-08-15 11:58:36,947 WARNING 리셋 → WAITING: 카메라 끊김
2026-08-15 11:59:08,047 WARNING 카메라 재연결 시도
2026-08-15 11:59:10,105 WARNING 리셋 → WAITING: 카메라 끊김
2026-08-15 11:59:41,196 WARNING 카메라 재연결 시도
2026-08-15 11:59:43,256 WARNING 리셋 → WAITING: 카메라 끊김
2026-08-15 12:00:14,346 WARNING 카메라 재연결 시도
2026-08-15 12:00:16,403 WARNING 리셋 → WAITING: 카메라 끊김
2026-08-15 12:00:47,491 WARNING 카메라 재연결 시도
2026-08-15 12:00:49,550 WARNING 리셋 → WAITING: 카메라 끊김
2026-08-15 12:01:20,647 WARNING 카메라 재연결 시도
2026-08-15 12:01:22,703 WARNING 리셋 → WAITING: 카메라 끊김
2026-08-15 12:01:53,795 WARNING 카메라 재연결 시도
2026-08-15 12:01:55,854 WARNING 리셋 → WAITING: 카메라 끊김
2026-08-15 12:02:26,949 WARNING 카메라 재연결 시도
2026-08-15 12:02:29,009 WARNING 리셋 → WAITING: 카메라 끊김
2026-08-15 12:03:00,098 WARNING 카메라 재연결 시도
2026-08-15 12:03:02,156 WARNING 리셋 → WAITING: 카메라 끊김
2026-08-15 12:03:33,246 WARNING 카메라 재연결 시도
2026-08-15 12:03:35,307 WARNING 리셋 → WAITING: 카메라 끊김
2026-08-15 12:04:06,405 WARNING 카메라 재연결 시도
2026-08-15 12:04:08,465 WARNING 리셋 → WAITING: 카메라 끊김
2026-08-15 12:04:39,554 WARNING 카메라 재연결 시도
2026-08-15 12:04:41,614 WARNING 리셋 → WAITING: 카메라 끊김
2026-08-15 12:05:12,710 WARNING 카메라 재연결 시도
2026-08-15 12:05:14,770 WARNING 리셋 → WAITING: 카메라 끊김
2026-08-15 12:05:45,873 WARNING 카메라 재연결 시도
2026-08-15 12:05:47,931 WARNING 리셋 → WAITING: 카메라 끊김
2026-08-15 12:06:19,022 WARNING 카메라 재연결 시도
2026-08-15 12:06:21,080 WARNING 리셋 → WAITING: 카메라 끊김
2026-08-15 12:06:52,171 WARNING 카메라 재연결 시도
2026-08-15 12:06:54,232 WARNING 리셋 → WAITING: 카메라 끊김
2026-08-15 12:07:25,327 WARNING 카메라 재연결 시도
2026-08-15 12:07:27,388 WARNING 리셋 → WAITING: 카메라 끊김
2026-08-15 12:07:58,483 WARNING 카메라 재연결 시도
2026-08-15 12:08:00,541 WARNING 리셋 → WAITING: 카메라 끊김
2026-08-15 12:08:31,631 WARNING 카메라 재연결 시도
2026-08-15 12:08:33,691 WARNING 리셋 → WAITING: 카메라 끊김
2026-08-15 12:09:04,790 WARNING 카메라 재연결 시도
2026-08-15 12:09:06,848 WARNING 리셋 → WAITING: 카메라 끊김
2026-08-15 12:09:37,959 WARNING 카메라 재연결 시도
2026-08-15 12:09:40,018 WARNING 리셋 → WAITING: 카메라 끊김
2026-08-15 12:10:11,108 WARNING 카메라 재연결 시도
2026-08-15 12:10:13,168 WARNING 리셋 → WAITING: 카메라 끊김
2026-08-15 12:10:44,263 WARNING 카메라 재연결 시도
2026-08-15 12:10:46,323 WARNING 리셋 → WAITING: 카메라 끊김
2026-08-15 12:11:17,410 WARNING 카메라 재연결 시도
2026-08-15 12:11:19,470 WARNING 리셋 → WAITING: 카메라 끊김
2026-08-15 12:11:50,570 WARNING 카메라 재연결 시도
2026-08-15 12:11:52,628 WARNING 리셋 → WAITING: 카메라 끊김
2026-08-15 12:12:23,714 WARNING 카메라 재연결 시도
2026-08-15 12:12:25,773 WARNING 리셋 → WAITING: 카메라 끊김
2026-08-15 12:12:56,860 WARNING 카메라 재연결 시도
2026-08-15 12:12:58,917 WARNING 리셋 → WAITING: 카메라 끊김
2026-08-15 12:13:30,008 WARNING 카메라 재연결 시도
2026-08-15 12:13:32,066 WARNING 리셋 → WAITING: 카메라 끊김
2026-08-15 12:14:03,160 WARNING 카메라 재연결 시도
2026-08-15 12:14:05,221 WARNING 리셋 → WAITING: 카메라 끊김
2026-08-15 12:14:36,313 WARNING 카메라 재연결 시도
2026-08-15 12:14:38,374 WARNING 리셋 → WAITING: 카메라 끊김
2026-08-15 12:15:09,466 WARNING 카메라 재연결 시도
2026-08-15 12:15:11,523 WARNING 리셋 → WAITING: 카메라 끊김
2026-08-15 12:15:42,613 WARNING 카메라 재연결 시도
2026-08-15 12:15:44,672 WARNING 리셋 → WAITING: 카메라 끊김
2026-08-15 12:16:15,768 WARNING 카메라 재연결 시도
2026-08-15 12:16:17,833 WARNING 리셋 → WAITING: 카메라 끊김
2026-08-15 12:16:48,925 WARNING 카메라 재연결 시도
2026-08-15 12:16:50,986 WARNING 리셋 → WAITING: 카메라 끊김
2026-08-15 12:17:22,085 WARNING 카메라 재연결 시도
2026-08-15 12:17:24,144 WARNING 리셋 → WAITING: 카메라 끊김
2026-08-15 12:17:55,237 WARNING 카메라 재연결 시도
2026-08-15 12:17:57,298 WARNING 리셋 → WAITING: 카메라 끊김
2026-08-15 12:18:28,390 WARNING 카메라 재연결 시도
2026-08-15 12:18:30,451 WARNING 리셋 → WAITING: 카메라 끊김
2026-08-15 12:19:01,546 WARNING 카메라 재연결 시도
2026-08-15 12:19:03,602 WARNING 리셋 → WAITING: 카메라 끊김
2026-08-15 12:19:34,693 WARNING 카메라 재연결 시도
2026-08-15 12:19:36,751 WARNING 리셋 → WAITING: 카메라 끊김
2026-08-15 12:20:07,847 WARNING 카메라 재연결 시도
2026-08-15 12:20:09,905 WARNING 리셋 → WAITING: 카메라 끊김
2026-08-15 12:20:40,997 WARNING 카메라 재연결 시도
2026-08-15 12:20:43,057 WARNING 리셋 → WAITING: 카메라 끊김
2026-08-15 12:21:14,148 WARNING 카메라 재연결 시도
2026-08-15 12:21:16,205 WARNING 리셋 → WAITING: 카메라 끊김
2026-08-15 12:21:47,286 WARNING 카메라 재연결 시도
2026-08-15 12:21:49,343 WARNING 리셋 → WAITING: 카메라 끊김
2026-08-15 12:22:20,440 WARNING 카메라 재연결 시도
2026-08-15 12:22:22,501 WARNING 리셋 → WAITING: 카메라 끊김
2026-08-15 12:22:53,600 WARNING 카메라 재연결 시도
2026-08-15 12:22:55,658 WARNING 리셋 → WAITING: 카메라 끊김
2026-08-15 12:23:26,750 WARNING 카메라 재연결 시도
2026-08-15 12:23:28,810 WARNING 리셋 → WAITING: 카메라 끊김
2026-08-15 12:23:59,899 WARNING 카메라 재연결 시도
2026-08-15 12:24:01,961 WARNING 리셋 → WAITING: 카메라 끊김
2026-08-15 12:24:33,055 WARNING 카메라 재연결 시도
2026-08-15 12:24:35,117 WARNING 리셋 → WAITING: 카메라 끊김
2026-08-15 12:25:06,202 WARNING 카메라 재연결 시도
2026-08-15 12:25:08,263 WARNING 리셋 → WAITING: 카메라 끊김
2026-08-15 12:25:39,347 WARNING 카메라 재연결 시도
2026-08-15 12:25:41,407 WARNING 리셋 → WAITING: 카메라 끊김
2026-08-15 12:26:12,502 WARNING 카메라 재연결 시도
2026-08-15 12:26:14,563 WARNING 리셋 → WAITING: 카메라 끊김
2026-08-15 12:26:45,659 WARNING 카메라 재연결 시도
2026-08-15 12:26:47,720 WARNING 리셋 → WAITING: 카메라 끊김
2026-08-15 12:27:18,804 WARNING 카메라 재연결 시도
2026-08-15 12:27:20,864 WARNING 리셋 → WAITING: 카메라 끊김
2026-08-15 12:27:51,949 WARNING 카메라 재연결 시도
2026-08-15 12:27:54,008 WARNING 리셋 → WAITING: 카메라 끊김
2026-08-15 12:28:25,104 WARNING 카메라 재연결 시도
2026-08-15 12:28:27,162 WARNING 리셋 → WAITING: 카메라 끊김
2026-08-15 12:28:58,256 WARNING 카메라 재연결 시도
2026-08-15 12:29:00,315 WARNING 리셋 → WAITING: 카메라 끊김
2026-08-15 12:29:31,415 WARNING 카메라 재연결 시도
2026-08-15 12:29:33,472 WARNING 리셋 → WAITING: 카메라 끊김
2026-08-15 12:30:04,563 WARNING 카메라 재연결 시도
2026-08-15 12:30:06,621 WARNING 리셋 → WAITING: 카메라 끊김
2026-08-15 12:30:37,711 WARNING 카메라 재연결 시도
2026-08-15 12:30:39,770 WARNING 리셋 → WAITING: 카메라 끊김
2026-08-15 12:31:10,863 WARNING 카메라 재연결 시도
2026-08-15 12:31:12,923 WARNING 리셋 → WAITING: 카메라 끊김
2026-08-15 12:31:44,020 WARNING 카메라 재연결 시도
2026-08-15 12:31:46,082 WARNING 리셋 → WAITING: 카메라 끊김
2026-08-15 12:32:17,169 WARNING 카메라 재연결 시도
2026-08-15 12:32:19,230 WARNING 리셋 → WAITING: 카메라 끊김
2026-08-15 12:32:50,331 WARNING 카메라 재연결 시도
2026-08-15 12:32:52,391 WARNING 리셋 → WAITING: 카메라 끊김
2026-08-15 12:33:23,490 WARNING 카메라 재연결 시도
2026-08-15 12:33:25,549 WARNING 리셋 → WAITING: 카메라 끊김
2026-08-15 12:33:56,631 WARNING 카메라 재연결 시도
2026-08-15 12:33:58,690 WARNING 리셋 → WAITING: 카메라 끊김
2026-08-15 12:34:29,784 WARNING 카메라 재연결 시도
2026-08-15 12:34:31,844 WARNING 리셋 → WAITING: 카메라 끊김
2026-08-15 12:35:02,946 WARNING 카메라 재연결 시도
2026-08-15 12:35:05,004 WARNING 리셋 → WAITING: 카메라 끊김
2026-08-15 12:35:36,099 WARNING 카메라 재연결 시도
2026-08-15 12:35:38,159 WARNING 리셋 → WAITING: 카메라 끊김
2026-08-15 12:36:09,248 WARNING 카메라 재연결 시도
2026-08-15 12:36:11,310 WARNING 리셋 → WAITING: 카메라 끊김
2026-08-15 12:36:42,411 WARNING 카메라 재연결 시도
2026-08-15 12:36:44,470 WARNING 리셋 → WAITING: 카메라 끊김
2026-08-15 12:37:15,557 WARNING 카메라 재연결 시도
2026-08-15 12:37:17,618 WARNING 리셋 → WAITING: 카메라 끊김
2026-08-15 12:37:48,713 WARNING 카메라 재연결 시도
2026-08-15 12:37:50,775 WARNING 리셋 → WAITING: 카메라 끊김
2026-08-15 12:38:21,867 WARNING 카메라 재연결 시도
2026-08-15 12:38:23,928 WARNING 리셋 → WAITING: 카메라 끊김
2026-08-15 12:38:55,018 WARNING 카메라 재연결 시도
2026-08-15 12:38:57,075 WARNING 리셋 → WAITING: 카메라 끊김
2026-08-15 12:39:28,167 WARNING 카메라 재연결 시도
2026-08-15 12:39:30,226 WARNING 리셋 → WAITING: 카메라 끊김
2026-08-15 12:40:01,322 WARNING 카메라 재연결 시도
2026-08-15 12:40:03,381 WARNING 리셋 → WAITING: 카메라 끊김
2026-08-15 12:40:34,482 WARNING 카메라 재연결 시도
2026-08-15 12:40:36,542 WARNING 리셋 → WAITING: 카메라 끊김
2026-08-15 12:41:07,651 WARNING 카메라 재연결 시도
2026-08-15 12:41:09,710 WARNING 리셋 → WAITING: 카메라 끊김
2026-08-15 12:41:40,808 WARNING 카메라 재연결 시도
2026-08-15 12:41:42,869 WARNING 리셋 → WAITING: 카메라 끊김
2026-08-15 12:42:14,001 WARNING 카메라 재연결 시도
2026-08-15 12:42:16,061 WARNING 리셋 → WAITING: 카메라 끊김
2026-08-15 12:42:47,156 WARNING 카메라 재연결 시도
2026-08-15 12:42:49,217 WARNING 리셋 → WAITING: 카메라 끊김
2026-08-15 12:43:20,315 WARNING 카메라 재연결 시도
2026-08-15 12:43:22,373 WARNING 리셋 → WAITING: 카메라 끊김
2026-08-15 12:43:53,473 WARNING 카메라 재연결 시도
2026-08-15 12:43:55,535 WARNING 리셋 → WAITING: 카메라 끊김
2026-08-15 12:44:26,626 WARNING 카메라 재연결 시도
2026-08-15 12:44:28,685 WARNING 리셋 → WAITING: 카메라 끊김
2026-08-15 12:44:59,773 WARNING 카메라 재연결 시도
2026-08-15 12:45:01,834 WARNING 리셋 → WAITING: 카메라 끊김
2026-08-15 12:45:32,936 WARNING 카메라 재연결 시도
2026-08-15 12:45:34,999 WARNING 리셋 → WAITING: 카메라 끊김
2026-08-15 12:46:06,101 WARNING 카메라 재연결 시도
2026-08-15 12:46:08,162 WARNING 리셋 → WAITING: 카메라 끊김
2026-08-15 12:46:39,256 WARNING 카메라 재연결 시도
2026-08-15 12:46:41,316 WARNING 리셋 → WAITING: 카메라 끊김
2026-08-15 12:47:12,413 WARNING 카메라 재연결 시도
2026-08-15 12:47:14,475 WARNING 리셋 → WAITING: 카메라 끊김
2026-08-15 12:47:45,578 WARNING 카메라 재연결 시도
2026-08-15 12:47:47,640 WARNING 리셋 → WAITING: 카메라 끊김
2026-08-15 12:48:18,737 WARNING 카메라 재연결 시도
2026-08-15 12:48:20,797 WARNING 리셋 → WAITING: 카메라 끊김
2026-08-15 12:48:51,900 WARNING 카메라 재연결 시도
2026-08-15 12:48:53,961 WARNING 리셋 → WAITING: 카메라 끊김
2026-08-15 12:49:25,047 WARNING 카메라 재연결 시도
2026-08-15 12:49:27,108 WARNING 리셋 → WAITING: 카메라 끊김
2026-08-15 12:49:58,201 WARNING 카메라 재연결 시도
2026-08-15 12:50:00,264 WARNING 리셋 → WAITING: 카메라 끊김
2026-08-15 12:50:31,361 WARNING 카메라 재연결 시도
2026-08-15 12:50:33,419 WARNING 리셋 → WAITING: 카메라 끊김
2026-08-15 12:51:04,512 WARNING 카메라 재연결 시도
2026-08-15 12:51:06,574 WARNING 리셋 → WAITING: 카메라 끊김
2026-08-15 12:51:37,666 WARNING 카메라 재연결 시도
2026-08-15 12:51:39,726 WARNING 리셋 → WAITING: 카메라 끊김
2026-08-15 12:52:10,819 WARNING 카메라 재연결 시도
2026-08-15 12:52:12,878 WARNING 리셋 → WAITING: 카메라 끊김
2026-08-15 12:52:43,967 WARNING 카메라 재연결 시도
2026-08-15 12:52:46,030 WARNING 리셋 → WAITING: 카메라 끊김
2026-08-15 12:53:17,125 WARNING 카메라 재연결 시도
2026-08-15 12:53:19,188 WARNING 리셋 → WAITING: 카메라 끊김
2026-08-15 12:53:50,286 WARNING 카메라 재연결 시도
2026-08-15 12:53:52,346 WARNING 리셋 → WAITING: 카메라 끊김
2026-08-15 12:54:23,433 WARNING 카메라 재연결 시도
2026-08-15 12:54:25,493 WARNING 리셋 → WAITING: 카메라 끊김
2026-08-15 12:54:56,600 WARNING 카메라 재연결 시도
2026-08-15 12:54:58,662 WARNING 리셋 → WAITING: 카메라 끊김
2026-08-15 12:55:29,755 WARNING 카메라 재연결 시도
2026-08-15 12:55:31,816 WARNING 리셋 → WAITING: 카메라 끊김
2026-08-15 12:56:02,916 WARNING 카메라 재연결 시도
2026-08-15 12:56:04,978 WARNING 리셋 → WAITING: 카메라 끊김
2026-08-15 12:56:36,072 WARNING 카메라 재연결 시도
2026-08-15 12:56:38,135 WARNING 리셋 → WAITING: 카메라 끊김
2026-08-15 12:57:09,224 WARNING 카메라 재연결 시도
2026-08-15 12:57:11,285 WARNING 리셋 → WAITING: 카메라 끊김
2026-08-15 12:57:42,385 WARNING 카메라 재연결 시도
2026-08-15 12:57:44,445 WARNING 리셋 → WAITING: 카메라 끊김
2026-08-15 12:58:15,534 WARNING 카메라 재연결 시도
2026-08-15 12:58:17,595 WARNING 리셋 → WAITING: 카메라 끊김
2026-08-15 12:58:48,679 WARNING 카메라 재연결 시도
2026-08-15 12:58:50,738 WARNING 리셋 → WAITING: 카메라 끊김
2026-08-15 12:59:21,829 WARNING 카메라 재연결 시도
2026-08-15 12:59:23,888 WARNING 리셋 → WAITING: 카메라 끊김
2026-08-15 12:59:54,982 WARNING 카메라 재연결 시도
2026-08-15 12:59:57,044 WARNING 리셋 → WAITING: 카메라 끊김
2026-08-15 13:00:28,134 WARNING 카메라 재연결 시도
2026-08-15 13:00:30,194 WARNING 리셋 → WAITING: 카메라 끊김
2026-08-15 13:01:01,292 WARNING 카메라 재연결 시도
2026-08-15 13:01:03,351 WARNING 리셋 → WAITING: 카메라 끊김
2026-08-15 13:01:34,454 WARNING 카메라 재연결 시도
2026-08-15 13:01:36,514 WARNING 리셋 → WAITING: 카메라 끊김
2026-08-15 13:02:07,613 WARNING 카메라 재연결 시도
2026-08-15 13:02:09,675 WARNING 리셋 → WAITING: 카메라 끊김
2026-08-15 13:02:40,768 WARNING 카메라 재연결 시도
2026-08-15 13:02:42,830 WARNING 리셋 → WAITING: 카메라 끊김
2026-08-15 13:03:13,934 WARNING 카메라 재연결 시도
2026-08-15 13:03:15,998 WARNING 리셋 → WAITING: 카메라 끊김
2026-08-15 13:03:47,080 WARNING 카메라 재연결 시도
2026-08-15 13:03:49,143 WARNING 리셋 → WAITING: 카메라 끊김
2026-08-15 13:04:20,244 WARNING 카메라 재연결 시도
2026-08-15 13:04:22,305 WARNING 리셋 → WAITING: 카메라 끊김
2026-08-15 13:04:53,399 WARNING 카메라 재연결 시도
2026-08-15 13:04:55,459 WARNING 리셋 → WAITING: 카메라 끊김
2026-08-15 13:05:26,556 WARNING 카메라 재연결 시도
2026-08-15 13:05:28,617 WARNING 리셋 → WAITING: 카메라 끊김
2026-08-15 13:05:59,711 WARNING 카메라 재연결 시도
2026-08-15 13:06:01,771 WARNING 리셋 → WAITING: 카메라 끊김
2026-08-15 13:06:32,857 WARNING 카메라 재연결 시도
2026-08-15 13:06:34,918 WARNING 리셋 → WAITING: 카메라 끊김
2026-08-15 13:07:06,018 WARNING 카메라 재연결 시도
2026-08-15 13:07:08,080 WARNING 리셋 → WAITING: 카메라 끊김
2026-08-15 13:07:39,166 WARNING 카메라 재연결 시도
2026-08-15 13:07:41,228 WARNING 리셋 → WAITING: 카메라 끊김
2026-08-15 13:08:12,321 WARNING 카메라 재연결 시도
2026-08-15 13:08:14,381 WARNING 리셋 → WAITING: 카메라 끊김
2026-08-15 13:08:45,478 WARNING 카메라 재연결 시도
2026-08-15 13:08:47,539 WARNING 리셋 → WAITING: 카메라 끊김
2026-08-15 13:09:18,628 WARNING 카메라 재연결 시도
2026-08-15 13:09:20,686 WARNING 리셋 → WAITING: 카메라 끊김
2026-08-15 13:09:51,771 WARNING 카메라 재연결 시도
2026-08-15 13:09:53,831 WARNING 리셋 → WAITING: 카메라 끊김
2026-08-15 13:10:24,934 WARNING 카메라 재연결 시도
2026-08-15 13:10:26,991 WARNING 리셋 → WAITING: 카메라 끊김
2026-08-15 13:10:58,086 WARNING 카메라 재연결 시도
2026-08-15 13:11:00,146 WARNING 리셋 → WAITING: 카메라 끊김
2026-08-15 13:11:31,244 WARNING 카메라 재연결 시도
2026-08-15 13:11:33,307 WARNING 리셋 → WAITING: 카메라 끊김
2026-08-15 13:12:04,396 WARNING 카메라 재연결 시도
2026-08-15 13:12:06,457 WARNING 리셋 → WAITING: 카메라 끊김
2026-08-15 13:12:37,552 WARNING 카메라 재연결 시도
2026-08-15 13:12:39,612 WARNING 리셋 → WAITING: 카메라 끊김
2026-08-15 13:13:10,693 WARNING 카메라 재연결 시도
2026-08-15 13:13:12,752 WARNING 리셋 → WAITING: 카메라 끊김
2026-08-15 13:13:43,845 WARNING 카메라 재연결 시도
2026-08-15 13:13:45,907 WARNING 리셋 → WAITING: 카메라 끊김
2026-08-15 13:14:17,005 WARNING 카메라 재연결 시도
2026-08-15 13:14:19,064 WARNING 리셋 → WAITING: 카메라 끊김
2026-08-15 13:14:50,164 WARNING 카메라 재연결 시도
2026-08-15 13:14:52,227 WARNING 리셋 → WAITING: 카메라 끊김
2026-08-15 13:15:23,322 WARNING 카메라 재연결 시도
2026-08-15 13:15:25,382 WARNING 리셋 → WAITING: 카메라 끊김
2026-08-15 13:15:56,485 WARNING 카메라 재연결 시도
2026-08-15 13:15:58,547 WARNING 리셋 → WAITING: 카메라 끊김
2026-08-15 13:16:29,636 WARNING 카메라 재연결 시도
2026-08-15 13:16:31,697 WARNING 리셋 → WAITING: 카메라 끊김
2026-08-15 13:17:02,791 WARNING 카메라 재연결 시도
2026-08-15 13:17:04,854 WARNING 리셋 → WAITING: 카메라 끊김
2026-08-15 13:17:35,949 WARNING 카메라 재연결 시도
2026-08-15 13:17:38,012 WARNING 리셋 → WAITING: 카메라 끊김
2026-08-15 13:18:09,106 WARNING 카메라 재연결 시도
2026-08-15 13:18:11,166 WARNING 리셋 → WAITING: 카메라 끊김
2026-08-15 13:18:42,258 WARNING 카메라 재연결 시도
2026-08-15 13:18:44,316 WARNING 리셋 → WAITING: 카메라 끊김
2026-08-15 13:19:15,417 WARNING 카메라 재연결 시도
2026-08-15 13:19:17,481 WARNING 리셋 → WAITING: 카메라 끊김
2026-08-15 13:19:48,573 WARNING 카메라 재연결 시도
2026-08-15 13:19:50,635 WARNING 리셋 → WAITING: 카메라 끊김
2026-08-15 13:20:21,730 WARNING 카메라 재연결 시도
2026-08-15 13:20:23,789 WARNING 리셋 → WAITING: 카메라 끊김
2026-08-15 13:20:54,878 WARNING 카메라 재연결 시도
2026-08-15 13:20:56,937 WARNING 리셋 → WAITING: 카메라 끊김
2026-08-15 13:21:28,036 WARNING 카메라 재연결 시도
2026-08-15 13:21:30,098 WARNING 리셋 → WAITING: 카메라 끊김
2026-08-15 13:22:01,192 WARNING 카메라 재연결 시도
2026-08-15 13:22:03,254 WARNING 리셋 → WAITING: 카메라 끊김
2026-08-15 13:22:34,350 WARNING 카메라 재연결 시도
2026-08-15 13:22:36,413 WARNING 리셋 → WAITING: 카메라 끊김
2026-08-15 13:23:07,508 WARNING 카메라 재연결 시도
2026-08-15 13:23:09,570 WARNING 리셋 → WAITING: 카메라 끊김
2026-08-15 13:23:40,666 WARNING 카메라 재연결 시도
2026-08-15 13:23:42,728 WARNING 리셋 → WAITING: 카메라 끊김
2026-08-15 13:24:13,830 WARNING 카메라 재연결 시도
2026-08-15 13:24:15,887 WARNING 리셋 → WAITING: 카메라 끊김
2026-08-15 13:24:46,978 WARNING 카메라 재연결 시도
2026-08-15 13:24:49,041 WARNING 리셋 → WAITING: 카메라 끊김
2026-08-15 13:25:20,134 WARNING 카메라 재연결 시도
2026-08-15 13:25:22,196 WARNING 리셋 → WAITING: 카메라 끊김
2026-08-15 13:25:53,283 WARNING 카메라 재연결 시도
2026-08-15 13:25:55,342 WARNING 리셋 → WAITING: 카메라 끊김
2026-08-15 13:26:26,436 WARNING 카메라 재연결 시도
2026-08-15 13:26:28,497 WARNING 리셋 → WAITING: 카메라 끊김
2026-08-15 13:26:59,594 WARNING 카메라 재연결 시도
2026-08-15 13:27:01,656 WARNING 리셋 → WAITING: 카메라 끊김
2026-08-15 13:27:32,757 WARNING 카메라 재연결 시도
2026-08-15 13:27:34,823 WARNING 리셋 → WAITING: 카메라 끊김
2026-08-15 13:28:05,918 WARNING 카메라 재연결 시도
2026-08-15 13:28:07,978 WARNING 리셋 → WAITING: 카메라 끊김
2026-08-15 13:28:39,077 WARNING 카메라 재연결 시도
2026-08-15 13:28:41,141 WARNING 리셋 → WAITING: 카메라 끊김
2026-08-15 13:29:12,234 WARNING 카메라 재연결 시도
2026-08-15 13:29:14,294 WARNING 리셋 → WAITING: 카메라 끊김
2026-08-15 13:29:45,389 WARNING 카메라 재연결 시도
2026-08-15 13:29:47,451 WARNING 리셋 → WAITING: 카메라 끊김
2026-08-15 13:30:18,544 WARNING 카메라 재연결 시도
2026-08-15 13:30:20,607 WARNING 리셋 → WAITING: 카메라 끊김
2026-08-15 13:30:51,705 WARNING 카메라 재연결 시도
2026-08-15 13:30:53,768 WARNING 리셋 → WAITING: 카메라 끊김
2026-08-15 13:31:24,863 WARNING 카메라 재연결 시도
2026-08-15 13:31:26,923 WARNING 리셋 → WAITING: 카메라 끊김
2026-08-15 13:31:58,026 WARNING 카메라 재연결 시도
2026-08-15 13:32:00,086 WARNING 리셋 → WAITING: 카메라 끊김
2026-08-15 13:32:31,185 WARNING 카메라 재연결 시도
2026-08-15 13:32:33,245 WARNING 리셋 → WAITING: 카메라 끊김
2026-08-15 13:33:04,330 WARNING 카메라 재연결 시도
2026-08-15 13:33:06,393 WARNING 리셋 → WAITING: 카메라 끊김
2026-08-15 13:33:37,480 WARNING 카메라 재연결 시도
2026-08-15 13:33:39,542 WARNING 리셋 → WAITING: 카메라 끊김
2026-08-15 13:34:10,647 WARNING 카메라 재연결 시도
2026-08-15 13:34:12,709 WARNING 리셋 → WAITING: 카메라 끊김
2026-08-15 13:34:43,815 WARNING 카메라 재연결 시도
2026-08-15 13:34:45,881 WARNING 리셋 → WAITING: 카메라 끊김
2026-08-15 13:35:16,983 WARNING 카메라 재연결 시도
2026-08-15 13:35:19,046 WARNING 리셋 → WAITING: 카메라 끊김
2026-08-15 13:35:50,149 WARNING 카메라 재연결 시도
2026-08-15 13:35:52,210 WARNING 리셋 → WAITING: 카메라 끊김
2026-08-15 13:36:23,310 WARNING 카메라 재연결 시도
2026-08-15 13:36:25,371 WARNING 리셋 → WAITING: 카메라 끊김
2026-08-15 13:36:56,459 WARNING 카메라 재연결 시도
2026-08-15 13:36:58,521 WARNING 리셋 → WAITING: 카메라 끊김
2026-08-15 13:37:29,611 WARNING 카메라 재연결 시도
2026-08-15 13:37:31,674 WARNING 리셋 → WAITING: 카메라 끊김
2026-08-15 13:38:02,771 WARNING 카메라 재연결 시도
2026-08-15 13:38:04,832 WARNING 리셋 → WAITING: 카메라 끊김
2026-08-15 13:38:35,931 WARNING 카메라 재연결 시도
2026-08-15 13:38:37,993 WARNING 리셋 → WAITING: 카메라 끊김
2026-08-15 13:39:09,092 WARNING 카메라 재연결 시도
2026-08-15 13:39:11,154 WARNING 리셋 → WAITING: 카메라 끊김
2026-08-15 13:39:42,251 WARNING 카메라 재연결 시도
2026-08-15 13:39:44,309 WARNING 리셋 → WAITING: 카메라 끊김
2026-08-15 13:40:15,409 WARNING 카메라 재연결 시도
2026-08-15 13:40:17,470 WARNING 리셋 → WAITING: 카메라 끊김
2026-08-15 13:40:48,557 WARNING 카메라 재연결 시도
2026-08-15 13:40:50,620 WARNING 리셋 → WAITING: 카메라 끊김
2026-08-15 13:41:21,705 WARNING 카메라 재연결 시도
2026-08-15 13:41:23,765 WARNING 리셋 → WAITING: 카메라 끊김
2026-08-15 13:41:54,855 WARNING 카메라 재연결 시도
2026-08-15 13:41:56,917 WARNING 리셋 → WAITING: 카메라 끊김
2026-08-15 13:42:28,010 WARNING 카메라 재연결 시도
2026-08-15 13:42:30,071 WARNING 리셋 → WAITING: 카메라 끊김
2026-08-15 13:43:01,171 WARNING 카메라 재연결 시도
2026-08-15 13:43:03,235 WARNING 리셋 → WAITING: 카메라 끊김
2026-08-15 13:43:34,337 WARNING 카메라 재연결 시도
2026-08-15 13:43:36,399 WARNING 리셋 → WAITING: 카메라 끊김
2026-08-15 13:44:07,489 WARNING 카메라 재연결 시도
2026-08-15 13:44:09,553 WARNING 리셋 → WAITING: 카메라 끊김
2026-08-15 13:44:40,641 WARNING 카메라 재연결 시도
2026-08-15 13:44:42,702 WARNING 리셋 → WAITING: 카메라 끊김
2026-08-15 13:45:13,795 WARNING 카메라 재연결 시도
2026-08-15 13:45:15,857 WARNING 리셋 → WAITING: 카메라 끊김
2026-08-15 13:45:46,953 WARNING 카메라 재연결 시도
2026-08-15 13:45:49,013 WARNING 리셋 → WAITING: 카메라 끊김
2026-08-15 13:46:20,111 WARNING 카메라 재연결 시도
2026-08-15 13:46:22,172 WARNING 리셋 → WAITING: 카메라 끊김
2026-08-15 13:46:53,268 WARNING 카메라 재연결 시도
2026-08-15 13:46:55,332 WARNING 리셋 → WAITING: 카메라 끊김
2026-08-15 13:47:26,420 WARNING 카메라 재연결 시도
2026-08-15 13:47:28,482 WARNING 리셋 → WAITING: 카메라 끊김
2026-08-15 13:47:59,578 WARNING 카메라 재연결 시도
2026-08-15 13:48:01,640 WARNING 리셋 → WAITING: 카메라 끊김
2026-08-15 13:48:32,733 WARNING 카메라 재연결 시도
2026-08-15 13:48:34,796 WARNING 리셋 → WAITING: 카메라 끊김
2026-08-15 13:49:05,893 WARNING 카메라 재연결 시도
2026-08-15 13:49:07,953 WARNING 리셋 → WAITING: 카메라 끊김
2026-08-15 13:49:39,058 WARNING 카메라 재연결 시도
2026-08-15 13:49:41,120 WARNING 리셋 → WAITING: 카메라 끊김
2026-08-15 13:50:12,203 WARNING 카메라 재연결 시도
2026-08-15 13:50:14,267 WARNING 리셋 → WAITING: 카메라 끊김
2026-08-15 13:50:45,363 WARNING 카메라 재연결 시도
2026-08-15 13:50:47,424 WARNING 리셋 → WAITING: 카메라 끊김
2026-08-15 13:51:18,518 WARNING 카메라 재연결 시도
2026-08-15 13:51:20,581 WARNING 리셋 → WAITING: 카메라 끊김
2026-08-15 13:51:51,665 WARNING 카메라 재연결 시도
2026-08-15 13:51:53,727 WARNING 리셋 → WAITING: 카메라 끊김
2026-08-15 13:52:24,831 WARNING 카메라 재연결 시도
2026-08-15 13:52:26,891 WARNING 리셋 → WAITING: 카메라 끊김
2026-08-15 13:52:57,982 WARNING 카메라 재연결 시도
2026-08-15 13:53:00,045 WARNING 리셋 → WAITING: 카메라 끊김
2026-08-15 13:53:31,134 WARNING 카메라 재연결 시도
2026-08-15 13:53:33,195 WARNING 리셋 → WAITING: 카메라 끊김
2026-08-15 13:54:04,287 WARNING 카메라 재연결 시도
2026-08-15 13:54:06,348 WARNING 리셋 → WAITING: 카메라 끊김
2026-08-15 13:54:37,452 WARNING 카메라 재연결 시도
2026-08-15 13:54:39,515 WARNING 리셋 → WAITING: 카메라 끊김
2026-08-15 13:55:10,616 WARNING 카메라 재연결 시도
2026-08-15 13:55:12,677 WARNING 리셋 → WAITING: 카메라 끊김
2026-08-15 13:55:43,765 WARNING 카메라 재연결 시도
2026-08-15 13:55:45,827 WARNING 리셋 → WAITING: 카메라 끊김
2026-08-15 13:56:16,924 WARNING 카메라 재연결 시도
2026-08-15 13:56:18,987 WARNING 리셋 → WAITING: 카메라 끊김
2026-08-15 13:56:50,079 WARNING 카메라 재연결 시도
2026-08-15 13:56:52,142 WARNING 리셋 → WAITING: 카메라 끊김
2026-08-15 13:57:23,245 WARNING 카메라 재연결 시도
2026-08-15 13:57:25,307 WARNING 리셋 → WAITING: 카메라 끊김
2026-08-15 13:57:56,406 WARNING 카메라 재연결 시도
2026-08-15 13:57:58,470 WARNING 리셋 → WAITING: 카메라 끊김
2026-08-15 13:58:29,566 WARNING 카메라 재연결 시도
2026-08-15 13:58:31,630 WARNING 리셋 → WAITING: 카메라 끊김
2026-08-15 13:59:02,721 WARNING 카메라 재연결 시도
2026-08-15 13:59:04,784 WARNING 리셋 → WAITING: 카메라 끊김
2026-08-15 13:59:35,883 WARNING 카메라 재연결 시도
2026-08-15 13:59:37,946 WARNING 리셋 → WAITING: 카메라 끊김
2026-08-15 14:00:09,045 WARNING 카메라 재연결 시도
2026-08-15 14:00:11,109 WARNING 리셋 → WAITING: 카메라 끊김
2026-08-15 14:00:42,209 WARNING 카메라 재연결 시도
2026-08-15 14:00:44,270 WARNING 리셋 → WAITING: 카메라 끊김
2026-08-15 14:01:15,375 WARNING 카메라 재연결 시도
2026-08-15 14:01:17,437 WARNING 리셋 → WAITING: 카메라 끊김
2026-08-15 14:01:48,531 WARNING 카메라 재연결 시도
2026-08-15 14:01:50,595 WARNING 리셋 → WAITING: 카메라 끊김
2026-08-15 14:02:21,692 WARNING 카메라 재연결 시도
2026-08-15 14:02:23,753 WARNING 리셋 → WAITING: 카메라 끊김
2026-08-15 14:02:54,848 WARNING 카메라 재연결 시도
2026-08-15 14:02:56,911 WARNING 리셋 → WAITING: 카메라 끊김
2026-08-15 14:03:28,016 WARNING 카메라 재연결 시도
2026-08-15 14:03:30,078 WARNING 리셋 → WAITING: 카메라 끊김
2026-08-15 14:04:01,168 WARNING 카메라 재연결 시도
2026-08-15 14:04:03,232 WARNING 리셋 → WAITING: 카메라 끊김
2026-08-15 14:04:34,330 WARNING 카메라 재연결 시도
2026-08-15 14:04:36,393 WARNING 리셋 → WAITING: 카메라 끊김
2026-08-15 14:05:07,487 WARNING 카메라 재연결 시도
2026-08-15 14:05:09,550 WARNING 리셋 → WAITING: 카메라 끊김
2026-08-15 14:05:40,640 WARNING 카메라 재연결 시도
2026-08-15 14:05:42,702 WARNING 리셋 → WAITING: 카메라 끊김
2026-08-15 14:06:13,794 WARNING 카메라 재연결 시도
2026-08-15 14:06:15,854 WARNING 리셋 → WAITING: 카메라 끊김
2026-08-15 14:06:46,942 WARNING 카메라 재연결 시도
2026-08-15 14:06:49,008 WARNING 리셋 → WAITING: 카메라 끊김
2026-08-15 14:07:20,109 WARNING 카메라 재연결 시도
2026-08-15 14:07:22,172 WARNING 리셋 → WAITING: 카메라 끊김
2026-08-15 14:07:53,249 WARNING 카메라 재연결 시도
2026-08-15 14:07:55,311 WARNING 리셋 → WAITING: 카메라 끊김
2026-08-15 14:08:26,409 WARNING 카메라 재연결 시도
2026-08-15 14:08:28,471 WARNING 리셋 → WAITING: 카메라 끊김
2026-08-15 14:08:59,561 WARNING 카메라 재연결 시도
2026-08-15 14:09:01,625 WARNING 리셋 → WAITING: 카메라 끊김
2026-08-15 14:09:32,722 WARNING 카메라 재연결 시도
2026-08-15 14:09:34,786 WARNING 리셋 → WAITING: 카메라 끊김
2026-08-15 14:10:05,871 WARNING 카메라 재연결 시도
2026-08-15 14:10:07,936 WARNING 리셋 → WAITING: 카메라 끊김
2026-08-15 14:10:39,034 WARNING 카메라 재연결 시도
2026-08-15 14:10:41,095 WARNING 리셋 → WAITING: 카메라 끊김
2026-08-15 14:11:12,181 WARNING 카메라 재연결 시도
2026-08-15 14:11:14,246 WARNING 리셋 → WAITING: 카메라 끊김
2026-08-15 14:11:45,343 WARNING 카메라 재연결 시도
2026-08-15 14:11:47,407 WARNING 리셋 → WAITING: 카메라 끊김
2026-08-15 14:12:18,512 WARNING 카메라 재연결 시도
2026-08-15 14:12:20,573 WARNING 리셋 → WAITING: 카메라 끊김
2026-08-15 14:12:51,658 WARNING 카메라 재연결 시도
2026-08-15 14:12:53,722 WARNING 리셋 → WAITING: 카메라 끊김
2026-08-15 14:13:24,818 WARNING 카메라 재연결 시도
2026-08-15 14:13:26,882 WARNING 리셋 → WAITING: 카메라 끊김
2026-08-15 14:13:57,984 WARNING 카메라 재연결 시도
2026-08-15 14:14:00,047 WARNING 리셋 → WAITING: 카메라 끊김
2026-08-15 14:14:31,145 WARNING 카메라 재연결 시도
2026-08-15 14:14:33,209 WARNING 리셋 → WAITING: 카메라 끊김
2026-08-15 14:15:04,305 WARNING 카메라 재연결 시도
2026-08-15 14:15:06,368 WARNING 리셋 → WAITING: 카메라 끊김
2026-08-15 14:15:37,469 WARNING 카메라 재연결 시도
2026-08-15 14:15:39,530 WARNING 리셋 → WAITING: 카메라 끊김
2026-08-15 14:16:10,621 WARNING 카메라 재연결 시도
2026-08-15 14:16:12,686 WARNING 리셋 → WAITING: 카메라 끊김
2026-08-15 14:16:43,783 WARNING 카메라 재연결 시도
2026-08-15 14:16:45,845 WARNING 리셋 → WAITING: 카메라 끊김
2026-08-15 14:17:16,943 WARNING 카메라 재연결 시도
2026-08-15 14:17:18,999 WARNING 리셋 → WAITING: 카메라 끊김
2026-08-15 14:17:50,092 WARNING 카메라 재연결 시도
2026-08-15 14:17:52,153 WARNING 리셋 → WAITING: 카메라 끊김
2026-08-15 14:18:23,243 WARNING 카메라 재연결 시도
2026-08-15 14:18:25,307 WARNING 리셋 → WAITING: 카메라 끊김
2026-08-15 14:18:56,390 WARNING 카메라 재연결 시도
2026-08-15 14:18:58,454 WARNING 리셋 → WAITING: 카메라 끊김
2026-08-15 14:19:29,548 WARNING 카메라 재연결 시도
2026-08-15 14:19:31,610 WARNING 리셋 → WAITING: 카메라 끊김
2026-08-15 14:20:02,708 WARNING 카메라 재연결 시도
2026-08-15 14:20:04,772 WARNING 리셋 → WAITING: 카메라 끊김
2026-08-15 14:20:35,872 WARNING 카메라 재연결 시도
2026-08-15 14:20:37,934 WARNING 리셋 → WAITING: 카메라 끊김
2026-08-15 14:21:09,029 WARNING 카메라 재연결 시도
2026-08-15 14:21:11,093 WARNING 리셋 → WAITING: 카메라 끊김
2026-08-15 14:21:42,182 WARNING 카메라 재연결 시도
2026-08-15 14:21:44,246 WARNING 리셋 → WAITING: 카메라 끊김
2026-08-15 14:22:15,339 WARNING 카메라 재연결 시도
2026-08-15 14:22:17,405 WARNING 리셋 → WAITING: 카메라 끊김
2026-08-15 14:22:48,510 WARNING 카메라 재연결 시도
2026-08-15 14:22:50,574 WARNING 리셋 → WAITING: 카메라 끊김
2026-08-15 14:23:21,664 WARNING 카메라 재연결 시도
2026-08-15 14:23:23,727 WARNING 리셋 → WAITING: 카메라 끊김
2026-08-15 14:23:54,816 WARNING 카메라 재연결 시도
2026-08-15 14:23:56,877 WARNING 리셋 → WAITING: 카메라 끊김
2026-08-15 14:24:27,963 WARNING 카메라 재연결 시도
2026-08-15 14:24:30,023 WARNING 리셋 → WAITING: 카메라 끊김
2026-08-15 14:25:01,121 WARNING 카메라 재연결 시도
2026-08-15 14:25:03,187 WARNING 리셋 → WAITING: 카메라 끊김
2026-08-15 14:25:34,280 WARNING 카메라 재연결 시도
2026-08-15 14:25:36,342 WARNING 리셋 → WAITING: 카메라 끊김
2026-08-15 14:26:07,431 WARNING 카메라 재연결 시도
2026-08-15 14:26:09,487 WARNING 리셋 → WAITING: 카메라 끊김
2026-08-15 14:26:40,581 WARNING 카메라 재연결 시도
2026-08-15 14:26:42,643 WARNING 리셋 → WAITING: 카메라 끊김
2026-08-15 14:27:13,737 WARNING 카메라 재연결 시도
2026-08-15 14:27:15,800 WARNING 리셋 → WAITING: 카메라 끊김
2026-08-15 14:27:46,893 WARNING 카메라 재연결 시도
2026-08-15 14:27:48,955 WARNING 리셋 → WAITING: 카메라 끊김
2026-08-15 14:28:20,062 WARNING 카메라 재연결 시도
2026-08-15 14:28:22,130 WARNING 리셋 → WAITING: 카메라 끊김
2026-08-15 14:28:53,232 WARNING 카메라 재연결 시도
2026-08-15 14:28:55,296 WARNING 리셋 → WAITING: 카메라 끊김
2026-08-15 14:29:26,379 WARNING 카메라 재연결 시도
2026-08-15 14:29:28,440 WARNING 리셋 → WAITING: 카메라 끊김
2026-08-15 14:29:59,531 WARNING 카메라 재연결 시도
2026-08-15 14:30:01,596 WARNING 리셋 → WAITING: 카메라 끊김
2026-08-15 14:30:32,691 WARNING 카메라 재연결 시도
2026-08-15 14:30:34,753 WARNING 리셋 → WAITING: 카메라 끊김
2026-08-15 14:31:05,851 WARNING 카메라 재연결 시도
2026-08-15 14:31:07,914 WARNING 리셋 → WAITING: 카메라 끊김
2026-08-15 14:31:39,010 WARNING 카메라 재연결 시도
2026-08-15 14:31:41,074 WARNING 리셋 → WAITING: 카메라 끊김
2026-08-15 14:32:12,167 WARNING 카메라 재연결 시도
2026-08-15 14:32:14,231 WARNING 리셋 → WAITING: 카메라 끊김
2026-08-15 14:32:45,319 WARNING 카메라 재연결 시도
2026-08-15 14:32:47,381 WARNING 리셋 → WAITING: 카메라 끊김
2026-08-15 14:33:18,462 WARNING 카메라 재연결 시도
2026-08-15 14:33:20,528 WARNING 리셋 → WAITING: 카메라 끊김
2026-08-15 14:33:51,629 WARNING 카메라 재연결 시도
2026-08-15 14:33:53,694 WARNING 리셋 → WAITING: 카메라 끊김
2026-08-15 14:34:24,789 WARNING 카메라 재연결 시도
2026-08-15 14:34:26,854 WARNING 리셋 → WAITING: 카메라 끊김
2026-08-15 14:34:57,957 WARNING 카메라 재연결 시도
2026-08-15 14:35:00,020 WARNING 리셋 → WAITING: 카메라 끊김
2026-08-15 14:35:31,118 WARNING 카메라 재연결 시도
2026-08-15 14:35:33,180 WARNING 리셋 → WAITING: 카메라 끊김
2026-08-15 14:36:04,271 WARNING 카메라 재연결 시도
2026-08-15 14:36:06,334 WARNING 리셋 → WAITING: 카메라 끊김
2026-08-15 14:36:37,425 WARNING 카메라 재연결 시도
2026-08-15 14:36:39,487 WARNING 리셋 → WAITING: 카메라 끊김
2026-08-15 14:37:10,579 WARNING 카메라 재연결 시도
2026-08-15 14:37:12,641 WARNING 리셋 → WAITING: 카메라 끊김
2026-08-15 14:37:43,730 WARNING 카메라 재연결 시도
2026-08-15 14:37:45,795 WARNING 리셋 → WAITING: 카메라 끊김
2026-08-15 14:38:16,882 WARNING 카메라 재연결 시도
2026-08-15 14:38:18,945 WARNING 리셋 → WAITING: 카메라 끊김
2026-08-15 14:38:50,044 WARNING 카메라 재연결 시도
2026-08-15 14:38:52,107 WARNING 리셋 → WAITING: 카메라 끊김
2026-08-15 14:39:23,188 WARNING 카메라 재연결 시도
2026-08-15 14:39:25,253 WARNING 리셋 → WAITING: 카메라 끊김
2026-08-15 14:39:56,345 WARNING 카메라 재연결 시도
2026-08-15 14:39:58,412 WARNING 리셋 → WAITING: 카메라 끊김
2026-08-15 14:40:29,487 WARNING 카메라 재연결 시도
2026-08-15 14:40:31,548 WARNING 리셋 → WAITING: 카메라 끊김
2026-08-15 14:41:02,624 WARNING 카메라 재연결 시도
2026-08-15 14:41:04,686 WARNING 리셋 → WAITING: 카메라 끊김
2026-08-15 14:41:35,785 WARNING 카메라 재연결 시도
2026-08-15 14:41:37,850 WARNING 리셋 → WAITING: 카메라 끊김
2026-08-15 14:42:08,953 WARNING 카메라 재연결 시도
2026-08-15 14:42:11,016 WARNING 리셋 → WAITING: 카메라 끊김
2026-08-15 14:42:42,108 WARNING 카메라 재연결 시도
2026-08-15 14:42:44,173 WARNING 리셋 → WAITING: 카메라 끊김
2026-08-15 14:43:15,270 WARNING 카메라 재연결 시도
2026-08-15 14:43:17,334 WARNING 리셋 → WAITING: 카메라 끊김
2026-08-15 14:43:48,424 WARNING 카메라 재연결 시도
2026-08-15 14:43:50,489 WARNING 리셋 → WAITING: 카메라 끊김
2026-08-15 14:44:21,589 WARNING 카메라 재연결 시도
2026-08-15 14:44:23,651 WARNING 리셋 → WAITING: 카메라 끊김
2026-08-15 14:44:54,742 WARNING 카메라 재연결 시도
2026-08-15 14:44:56,807 WARNING 리셋 → WAITING: 카메라 끊김
2026-08-15 14:45:27,900 WARNING 카메라 재연결 시도
2026-08-15 14:45:29,965 WARNING 리셋 → WAITING: 카메라 끊김
2026-08-15 14:46:01,066 WARNING 카메라 재연결 시도
2026-08-15 14:46:03,132 WARNING 리셋 → WAITING: 카메라 끊김
2026-08-15 14:46:34,231 WARNING 카메라 재연결 시도
2026-08-15 14:46:36,298 WARNING 리셋 → WAITING: 카메라 끊김
2026-08-15 14:47:07,389 WARNING 카메라 재연결 시도
2026-08-15 14:47:09,455 WARNING 리셋 → WAITING: 카메라 끊김
2026-08-15 14:47:40,561 WARNING 카메라 재연결 시도
2026-08-15 14:47:42,624 WARNING 리셋 → WAITING: 카메라 끊김
2026-08-15 14:48:13,710 WARNING 카메라 재연결 시도
2026-08-15 14:48:15,774 WARNING 리셋 → WAITING: 카메라 끊김
2026-08-15 14:48:46,870 WARNING 카메라 재연결 시도
2026-08-15 14:48:48,934 WARNING 리셋 → WAITING: 카메라 끊김
2026-08-15 14:49:20,019 WARNING 카메라 재연결 시도
2026-08-15 14:49:22,086 WARNING 리셋 → WAITING: 카메라 끊김
2026-08-15 14:49:53,173 WARNING 카메라 재연결 시도
2026-08-15 14:49:55,242 WARNING 리셋 → WAITING: 카메라 끊김
2026-08-15 14:50:26,337 WARNING 카메라 재연결 시도
2026-08-15 14:50:28,401 WARNING 리셋 → WAITING: 카메라 끊김
2026-08-15 14:50:59,488 WARNING 카메라 재연결 시도
2026-08-15 14:51:01,555 WARNING 리셋 → WAITING: 카메라 끊김
2026-08-15 14:51:32,656 WARNING 카메라 재연결 시도
2026-08-15 14:51:34,723 WARNING 리셋 → WAITING: 카메라 끊김
2026-08-15 14:52:05,814 WARNING 카메라 재연결 시도
2026-08-15 14:52:07,878 WARNING 리셋 → WAITING: 카메라 끊김
2026-08-15 14:52:38,967 WARNING 카메라 재연결 시도
2026-08-15 14:52:41,032 WARNING 리셋 → WAITING: 카메라 끊김
2026-08-15 14:53:12,117 WARNING 카메라 재연결 시도
2026-08-15 14:53:14,183 WARNING 리셋 → WAITING: 카메라 끊김
2026-08-15 14:53:45,276 WARNING 카메라 재연결 시도
2026-08-15 14:53:47,338 WARNING 리셋 → WAITING: 카메라 끊김
2026-08-15 14:54:18,433 WARNING 카메라 재연결 시도
2026-08-15 14:54:20,497 WARNING 리셋 → WAITING: 카메라 끊김
2026-08-15 14:54:51,589 WARNING 카메라 재연결 시도
2026-08-15 14:54:53,651 WARNING 리셋 → WAITING: 카메라 끊김
2026-08-15 14:55:24,734 WARNING 카메라 재연결 시도
2026-08-15 14:55:26,797 WARNING 리셋 → WAITING: 카메라 끊김
2026-08-15 14:55:57,895 WARNING 카메라 재연결 시도
2026-08-15 14:55:59,955 WARNING 리셋 → WAITING: 카메라 끊김
2026-08-15 14:56:31,047 WARNING 카메라 재연결 시도
2026-08-15 14:56:33,112 WARNING 리셋 → WAITING: 카메라 끊김
2026-08-15 14:57:04,202 WARNING 카메라 재연결 시도
2026-08-15 14:57:06,265 WARNING 리셋 → WAITING: 카메라 끊김
2026-08-15 14:57:37,359 WARNING 카메라 재연결 시도
2026-08-15 14:57:39,423 WARNING 리셋 → WAITING: 카메라 끊김
2026-08-15 14:58:10,525 WARNING 카메라 재연결 시도
2026-08-15 14:58:12,590 WARNING 리셋 → WAITING: 카메라 끊김
2026-08-15 14:58:43,684 WARNING 카메라 재연결 시도
2026-08-15 14:58:45,747 WARNING 리셋 → WAITING: 카메라 끊김
2026-08-15 14:59:16,849 WARNING 카메라 재연결 시도
2026-08-15 14:59:18,916 WARNING 리셋 → WAITING: 카메라 끊김
2026-08-15 14:59:50,010 WARNING 카메라 재연결 시도
2026-08-15 14:59:52,074 WARNING 리셋 → WAITING: 카메라 끊김
2026-08-15 15:00:23,174 WARNING 카메라 재연결 시도
2026-08-15 15:00:25,241 WARNING 리셋 → WAITING: 카메라 끊김
2026-08-15 15:00:56,333 WARNING 카메라 재연결 시도
2026-08-15 15:00:58,397 WARNING 리셋 → WAITING: 카메라 끊김
2026-08-15 15:01:29,492 WARNING 카메라 재연결 시도
2026-08-15 15:01:31,556 WARNING 리셋 → WAITING: 카메라 끊김
2026-08-15 15:02:02,637 WARNING 카메라 재연결 시도
2026-08-15 15:02:04,698 WARNING 리셋 → WAITING: 카메라 끊김
2026-08-15 15:02:35,796 WARNING 카메라 재연결 시도
2026-08-15 15:02:37,862 WARNING 리셋 → WAITING: 카메라 끊김
2026-08-15 15:03:08,954 WARNING 카메라 재연결 시도
2026-08-15 15:03:11,021 WARNING 리셋 → WAITING: 카메라 끊김
2026-08-15 15:03:42,116 WARNING 카메라 재연결 시도
2026-08-15 15:03:44,178 WARNING 리셋 → WAITING: 카메라 끊김
2026-08-15 15:04:15,269 WARNING 카메라 재연결 시도
2026-08-15 15:04:17,339 WARNING 리셋 → WAITING: 카메라 끊김
2026-08-15 15:04:48,443 WARNING 카메라 재연결 시도
2026-08-15 15:04:50,509 WARNING 리셋 → WAITING: 카메라 끊김
2026-08-15 15:05:21,603 WARNING 카메라 재연결 시도
2026-08-15 15:05:23,667 WARNING 리셋 → WAITING: 카메라 끊김
2026-08-15 15:05:54,762 WARNING 카메라 재연결 시도
2026-08-15 15:05:56,824 WARNING 리셋 → WAITING: 카메라 끊김
2026-08-15 15:06:28,022 WARNING 카메라 재연결 시도
2026-08-15 15:06:30,089 WARNING 리셋 → WAITING: 카메라 끊김
2026-08-15 15:07:01,180 WARNING 카메라 재연결 시도
2026-08-15 15:07:03,245 WARNING 리셋 → WAITING: 카메라 끊김
2026-08-15 15:07:34,348 WARNING 카메라 재연결 시도
2026-08-15 15:07:36,413 WARNING 리셋 → WAITING: 카메라 끊김
2026-08-15 15:08:07,512 WARNING 카메라 재연결 시도
2026-08-15 15:08:09,577 WARNING 리셋 → WAITING: 카메라 끊김
2026-08-15 15:08:40,667 WARNING 카메라 재연결 시도
2026-08-15 15:08:42,733 WARNING 리셋 → WAITING: 카메라 끊김
2026-08-15 15:09:13,829 WARNING 카메라 재연결 시도
2026-08-15 15:09:15,895 WARNING 리셋 → WAITING: 카메라 끊김
2026-08-15 15:09:46,985 WARNING 카메라 재연결 시도
2026-08-15 15:09:49,050 WARNING 리셋 → WAITING: 카메라 끊김
2026-08-15 15:10:20,138 WARNING 카메라 재연결 시도
2026-08-15 15:10:22,202 WARNING 리셋 → WAITING: 카메라 끊김
2026-08-15 15:10:53,298 WARNING 카메라 재연결 시도
2026-08-15 15:10:55,362 WARNING 리셋 → WAITING: 카메라 끊김
2026-08-15 15:11:26,450 WARNING 카메라 재연결 시도
2026-08-15 15:11:28,513 WARNING 리셋 → WAITING: 카메라 끊김
2026-08-15 15:11:59,612 WARNING 카메라 재연결 시도
2026-08-15 15:12:01,678 WARNING 리셋 → WAITING: 카메라 끊김
2026-08-15 15:12:32,770 WARNING 카메라 재연결 시도
2026-08-15 15:12:34,837 WARNING 리셋 → WAITING: 카메라 끊김
2026-08-15 15:13:05,930 WARNING 카메라 재연결 시도
2026-08-15 15:13:07,995 WARNING 리셋 → WAITING: 카메라 끊김
2026-08-15 15:13:39,088 WARNING 카메라 재연결 시도
2026-08-15 15:13:41,153 WARNING 리셋 → WAITING: 카메라 끊김
2026-08-15 15:14:12,247 WARNING 카메라 재연결 시도
2026-08-15 15:14:14,313 WARNING 리셋 → WAITING: 카메라 끊김
2026-08-15 15:14:45,408 WARNING 카메라 재연결 시도
2026-08-15 15:14:47,475 WARNING 리셋 → WAITING: 카메라 끊김
2026-08-15 15:15:18,563 WARNING 카메라 재연결 시도
2026-08-15 15:15:20,630 WARNING 리셋 → WAITING: 카메라 끊김
2026-08-15 15:15:51,715 WARNING 카메라 재연결 시도
2026-08-15 15:15:53,776 WARNING 리셋 → WAITING: 카메라 끊김
2026-08-15 15:16:24,869 WARNING 카메라 재연결 시도
2026-08-15 15:16:26,933 WARNING 리셋 → WAITING: 카메라 끊김
2026-08-15 15:16:58,028 WARNING 카메라 재연결 시도
2026-08-15 15:17:00,089 WARNING 리셋 → WAITING: 카메라 끊김
2026-08-15 15:17:31,182 WARNING 카메라 재연결 시도
2026-08-15 15:17:33,247 WARNING 리셋 → WAITING: 카메라 끊김
2026-08-15 15:18:04,343 WARNING 카메라 재연결 시도
2026-08-15 15:18:06,410 WARNING 리셋 → WAITING: 카메라 끊김
2026-08-15 15:18:37,509 WARNING 카메라 재연결 시도
2026-08-15 15:18:39,575 WARNING 리셋 → WAITING: 카메라 끊김
2026-08-15 15:19:10,674 WARNING 카메라 재연결 시도
2026-08-15 15:19:12,738 WARNING 리셋 → WAITING: 카메라 끊김
2026-08-15 15:19:43,834 WARNING 카메라 재연결 시도
2026-08-15 15:19:45,901 WARNING 리셋 → WAITING: 카메라 끊김
2026-08-15 15:20:16,993 WARNING 카메라 재연결 시도
2026-08-15 15:20:19,057 WARNING 리셋 → WAITING: 카메라 끊김
2026-08-15 15:20:50,147 WARNING 카메라 재연결 시도
2026-08-15 15:20:52,213 WARNING 리셋 → WAITING: 카메라 끊김
2026-08-15 15:21:23,307 WARNING 카메라 재연결 시도
2026-08-15 15:21:25,370 WARNING 리셋 → WAITING: 카메라 끊김
2026-08-15 15:21:56,468 WARNING 카메라 재연결 시도
2026-08-15 15:21:58,531 WARNING 리셋 → WAITING: 카메라 끊김
2026-08-15 15:22:29,625 WARNING 카메라 재연결 시도
2026-08-15 15:22:31,689 WARNING 리셋 → WAITING: 카메라 끊김
2026-08-15 15:23:02,790 WARNING 카메라 재연결 시도
2026-08-15 15:23:04,855 WARNING 리셋 → WAITING: 카메라 끊김
2026-08-15 15:23:35,950 WARNING 카메라 재연결 시도
2026-08-15 15:23:38,015 WARNING 리셋 → WAITING: 카메라 끊김
2026-08-15 15:24:09,112 WARNING 카메라 재연결 시도
2026-08-15 15:24:11,177 WARNING 리셋 → WAITING: 카메라 끊김
2026-08-15 15:24:42,277 WARNING 카메라 재연결 시도
2026-08-15 15:24:44,344 WARNING 리셋 → WAITING: 카메라 끊김
2026-08-15 15:25:15,435 WARNING 카메라 재연결 시도
2026-08-15 15:25:17,498 WARNING 리셋 → WAITING: 카메라 끊김
2026-08-15 15:25:48,596 WARNING 카메라 재연결 시도
2026-08-15 15:25:50,660 WARNING 리셋 → WAITING: 카메라 끊김
2026-08-15 15:26:21,749 WARNING 카메라 재연결 시도
2026-08-15 15:26:23,815 WARNING 리셋 → WAITING: 카메라 끊김
2026-08-15 15:26:54,894 WARNING 카메라 재연결 시도
2026-08-15 15:26:56,959 WARNING 리셋 → WAITING: 카메라 끊김
2026-08-15 15:27:28,060 WARNING 카메라 재연결 시도
2026-08-15 15:27:30,126 WARNING 리셋 → WAITING: 카메라 끊김
2026-08-15 15:28:01,221 WARNING 카메라 재연결 시도
2026-08-15 15:28:03,284 WARNING 리셋 → WAITING: 카메라 끊김
2026-08-15 15:28:34,379 WARNING 카메라 재연결 시도
2026-08-15 15:28:36,442 WARNING 리셋 → WAITING: 카메라 끊김
2026-08-15 15:29:07,526 WARNING 카메라 재연결 시도
2026-08-15 15:29:09,590 WARNING 리셋 → WAITING: 카메라 끊김
2026-08-15 15:29:40,678 WARNING 카메라 재연결 시도
2026-08-15 15:29:42,744 WARNING 리셋 → WAITING: 카메라 끊김
2026-08-15 15:30:13,830 WARNING 카메라 재연결 시도
2026-08-15 15:30:15,894 WARNING 리셋 → WAITING: 카메라 끊김
2026-08-15 15:30:46,990 WARNING 카메라 재연결 시도
2026-08-15 15:30:49,057 WARNING 리셋 → WAITING: 카메라 끊김
2026-08-15 15:31:20,153 WARNING 카메라 재연결 시도
2026-08-15 15:31:22,219 WARNING 리셋 → WAITING: 카메라 끊김
2026-08-15 15:31:53,305 WARNING 카메라 재연결 시도
2026-08-15 15:31:55,370 WARNING 리셋 → WAITING: 카메라 끊김
2026-08-15 15:32:26,463 WARNING 카메라 재연결 시도
2026-08-15 15:32:28,529 WARNING 리셋 → WAITING: 카메라 끊김
2026-08-15 15:32:59,625 WARNING 카메라 재연결 시도
2026-08-15 15:33:01,688 WARNING 리셋 → WAITING: 카메라 끊김
2026-08-15 15:33:32,770 WARNING 카메라 재연결 시도
2026-08-15 15:33:34,835 WARNING 리셋 → WAITING: 카메라 끊김
2026-08-15 15:34:05,933 WARNING 카메라 재연결 시도
2026-08-15 15:34:07,999 WARNING 리셋 → WAITING: 카메라 끊김
2026-08-15 15:34:39,087 WARNING 카메라 재연결 시도
2026-08-15 15:34:41,150 WARNING 리셋 → WAITING: 카메라 끊김
2026-08-15 15:35:12,252 WARNING 카메라 재연결 시도
2026-08-15 15:35:14,316 WARNING 리셋 → WAITING: 카메라 끊김
2026-08-15 15:35:45,408 WARNING 카메라 재연결 시도
2026-08-15 15:35:47,475 WARNING 리셋 → WAITING: 카메라 끊김
2026-08-15 15:36:18,567 WARNING 카메라 재연결 시도
2026-08-15 15:36:20,632 WARNING 리셋 → WAITING: 카메라 끊김
2026-08-15 15:36:51,725 WARNING 카메라 재연결 시도
2026-08-15 15:36:53,790 WARNING 리셋 → WAITING: 카메라 끊김
2026-08-15 15:37:24,885 WARNING 카메라 재연결 시도
2026-08-15 15:37:26,950 WARNING 리셋 → WAITING: 카메라 끊김
2026-08-15 15:37:58,049 WARNING 카메라 재연결 시도
2026-08-15 15:38:00,111 WARNING 리셋 → WAITING: 카메라 끊김
2026-08-15 15:38:31,190 WARNING 카메라 재연결 시도
2026-08-15 15:38:33,256 WARNING 리셋 → WAITING: 카메라 끊김
2026-08-15 15:39:04,345 WARNING 카메라 재연결 시도
2026-08-15 15:39:06,408 WARNING 리셋 → WAITING: 카메라 끊김
2026-08-15 15:39:37,502 WARNING 카메라 재연결 시도
2026-08-15 15:39:39,569 WARNING 리셋 → WAITING: 카메라 끊김
2026-08-15 15:40:10,672 WARNING 카메라 재연결 시도
2026-08-15 15:40:12,739 WARNING 리셋 → WAITING: 카메라 끊김
2026-08-15 15:40:43,831 WARNING 카메라 재연결 시도
2026-08-15 15:40:45,896 WARNING 리셋 → WAITING: 카메라 끊김
2026-08-15 15:41:17,000 WARNING 카메라 재연결 시도
2026-08-15 15:41:19,063 WARNING 리셋 → WAITING: 카메라 끊김
2026-08-15 15:41:50,149 WARNING 카메라 재연결 시도
2026-08-15 15:41:52,213 WARNING 리셋 → WAITING: 카메라 끊김
2026-08-15 15:42:23,316 WARNING 카메라 재연결 시도
2026-08-15 15:42:25,381 WARNING 리셋 → WAITING: 카메라 끊김
2026-08-15 15:42:56,477 WARNING 카메라 재연결 시도
2026-08-15 15:42:58,542 WARNING 리셋 → WAITING: 카메라 끊김
2026-08-15 15:43:29,643 WARNING 카메라 재연결 시도
2026-08-15 15:43:31,708 WARNING 리셋 → WAITING: 카메라 끊김
2026-08-15 15:44:02,812 WARNING 카메라 재연결 시도
2026-08-15 15:44:04,876 WARNING 리셋 → WAITING: 카메라 끊김
2026-08-15 15:44:35,974 WARNING 카메라 재연결 시도
2026-08-15 15:44:38,041 WARNING 리셋 → WAITING: 카메라 끊김
2026-08-15 15:45:09,148 WARNING 카메라 재연결 시도
2026-08-15 15:45:11,214 WARNING 리셋 → WAITING: 카메라 끊김
2026-08-15 15:45:42,303 WARNING 카메라 재연결 시도
2026-08-15 15:45:44,370 WARNING 리셋 → WAITING: 카메라 끊김
2026-08-15 15:46:15,469 WARNING 카메라 재연결 시도
2026-08-15 15:46:17,535 WARNING 리셋 → WAITING: 카메라 끊김
2026-08-15 15:46:48,630 WARNING 카메라 재연결 시도
2026-08-15 15:46:50,691 WARNING 리셋 → WAITING: 카메라 끊김
2026-08-15 15:47:21,785 WARNING 카메라 재연결 시도
2026-08-15 15:47:23,850 WARNING 리셋 → WAITING: 카메라 끊김
2026-08-15 15:47:54,946 WARNING 카메라 재연결 시도
2026-08-15 15:47:57,012 WARNING 리셋 → WAITING: 카메라 끊김
2026-08-15 15:48:28,109 WARNING 카메라 재연결 시도
2026-08-15 15:48:30,176 WARNING 리셋 → WAITING: 카메라 끊김
2026-08-15 15:49:01,272 WARNING 카메라 재연결 시도
2026-08-15 15:49:03,338 WARNING 리셋 → WAITING: 카메라 끊김
2026-08-15 15:49:34,433 WARNING 카메라 재연결 시도
2026-08-15 15:49:36,500 WARNING 리셋 → WAITING: 카메라 끊김
2026-08-15 15:50:07,591 WARNING 카메라 재연결 시도
2026-08-15 15:50:09,657 WARNING 리셋 → WAITING: 카메라 끊김
2026-08-15 15:50:40,753 WARNING 카메라 재연결 시도
2026-08-15 15:50:42,817 WARNING 리셋 → WAITING: 카메라 끊김
2026-08-15 15:51:13,925 WARNING 카메라 재연결 시도
2026-08-15 15:51:15,992 WARNING 리셋 → WAITING: 카메라 끊김
2026-08-15 15:51:47,089 WARNING 카메라 재연결 시도
2026-08-15 15:51:49,154 WARNING 리셋 → WAITING: 카메라 끊김
2026-08-15 15:52:20,254 WARNING 카메라 재연결 시도
2026-08-15 15:52:22,322 WARNING 리셋 → WAITING: 카메라 끊김
2026-08-15 15:52:53,416 WARNING 카메라 재연결 시도
2026-08-15 15:52:55,483 WARNING 리셋 → WAITING: 카메라 끊김
2026-08-15 15:53:26,571 WARNING 카메라 재연결 시도
2026-08-15 15:53:28,635 WARNING 리셋 → WAITING: 카메라 끊김
2026-08-15 15:53:59,733 WARNING 카메라 재연결 시도
2026-08-15 15:54:01,800 WARNING 리셋 → WAITING: 카메라 끊김
2026-08-15 15:54:32,889 WARNING 카메라 재연결 시도
2026-08-15 15:54:34,956 WARNING 리셋 → WAITING: 카메라 끊김
2026-08-15 15:55:06,061 WARNING 카메라 재연결 시도
2026-08-15 15:55:08,127 WARNING 리셋 → WAITING: 카메라 끊김
2026-08-15 15:55:39,215 WARNING 카메라 재연결 시도
2026-08-15 15:55:41,281 WARNING 리셋 → WAITING: 카메라 끊김
2026-08-15 15:56:12,372 WARNING 카메라 재연결 시도
2026-08-15 15:56:14,429 WARNING 리셋 → WAITING: 카메라 끊김
2026-08-15 15:56:45,520 WARNING 카메라 재연결 시도
2026-08-15 15:56:47,589 WARNING 리셋 → WAITING: 카메라 끊김
2026-08-15 15:57:18,679 WARNING 카메라 재연결 시도
2026-08-15 15:57:20,746 WARNING 리셋 → WAITING: 카메라 끊김
2026-08-15 15:57:51,844 WARNING 카메라 재연결 시도
2026-08-15 15:57:53,913 WARNING 리셋 → WAITING: 카메라 끊김
2026-08-15 15:58:25,008 WARNING 카메라 재연결 시도
2026-08-15 15:58:27,075 WARNING 리셋 → WAITING: 카메라 끊김
2026-08-15 15:58:58,186 WARNING 카메라 재연결 시도
2026-08-15 15:59:00,250 WARNING 리셋 → WAITING: 카메라 끊김
2026-08-15 15:59:31,345 WARNING 카메라 재연결 시도
2026-08-15 15:59:33,410 WARNING 리셋 → WAITING: 카메라 끊김
2026-08-15 16:00:04,514 WARNING 카메라 재연결 시도
2026-08-15 16:00:06,579 WARNING 리셋 → WAITING: 카메라 끊김
2026-08-15 16:00:37,672 WARNING 카메라 재연결 시도
2026-08-15 16:00:39,739 WARNING 리셋 → WAITING: 카메라 끊김
2026-08-15 16:01:10,840 WARNING 카메라 재연결 시도
2026-08-15 16:01:12,906 WARNING 리셋 → WAITING: 카메라 끊김
2026-08-15 16:01:43,994 WARNING 카메라 재연결 시도
2026-08-15 16:01:46,065 WARNING 리셋 → WAITING: 카메라 끊김
2026-08-15 16:02:17,166 WARNING 카메라 재연결 시도
2026-08-15 16:02:19,231 WARNING 리셋 → WAITING: 카메라 끊김
2026-08-15 16:02:50,328 WARNING 카메라 재연결 시도
2026-08-15 16:02:52,397 WARNING 리셋 → WAITING: 카메라 끊김
2026-08-15 16:03:23,500 WARNING 카메라 재연결 시도
2026-08-15 16:03:25,567 WARNING 리셋 → WAITING: 카메라 끊김
2026-08-15 16:03:56,658 WARNING 카메라 재연결 시도
2026-08-15 16:03:58,727 WARNING 리셋 → WAITING: 카메라 끊김
2026-08-15 16:04:29,823 WARNING 카메라 재연결 시도
2026-08-15 16:04:31,891 WARNING 리셋 → WAITING: 카메라 끊김
2026-08-15 16:05:02,987 WARNING 카메라 재연결 시도
2026-08-15 16:05:05,056 WARNING 리셋 → WAITING: 카메라 끊김
2026-08-15 16:05:36,144 WARNING 카메라 재연결 시도
2026-08-15 16:05:38,213 WARNING 리셋 → WAITING: 카메라 끊김
2026-08-15 16:06:09,306 WARNING 카메라 재연결 시도
2026-08-15 16:06:11,374 WARNING 리셋 → WAITING: 카메라 끊김
2026-08-15 16:06:42,462 WARNING 카메라 재연결 시도
2026-08-15 16:06:44,529 WARNING 리셋 → WAITING: 카메라 끊김
2026-08-15 16:07:15,624 WARNING 카메라 재연결 시도
2026-08-15 16:07:17,692 WARNING 리셋 → WAITING: 카메라 끊김
2026-08-15 16:07:48,782 WARNING 카메라 재연결 시도
2026-08-15 16:07:50,850 WARNING 리셋 → WAITING: 카메라 끊김
2026-08-15 16:08:21,962 WARNING 카메라 재연결 시도
2026-08-15 16:08:24,029 WARNING 리셋 → WAITING: 카메라 끊김
2026-08-15 16:08:55,119 WARNING 카메라 재연결 시도
2026-08-15 16:08:57,183 WARNING 리셋 → WAITING: 카메라 끊김
2026-08-15 16:09:28,284 WARNING 카메라 재연결 시도
2026-08-15 16:09:30,350 WARNING 리셋 → WAITING: 카메라 끊김
2026-08-15 16:10:01,438 WARNING 카메라 재연결 시도
2026-08-15 16:10:03,503 WARNING 리셋 → WAITING: 카메라 끊김
2026-08-15 16:10:34,599 WARNING 카메라 재연결 시도
2026-08-15 16:10:36,666 WARNING 리셋 → WAITING: 카메라 끊김
2026-08-15 16:11:07,758 WARNING 카메라 재연결 시도
2026-08-15 16:11:09,826 WARNING 리셋 → WAITING: 카메라 끊김
2026-08-15 16:11:40,930 WARNING 카메라 재연결 시도
2026-08-15 16:11:42,996 WARNING 리셋 → WAITING: 카메라 끊김
2026-08-15 16:12:14,092 WARNING 카메라 재연결 시도
2026-08-15 16:12:16,157 WARNING 리셋 → WAITING: 카메라 끊김
2026-08-15 16:12:47,246 WARNING 카메라 재연결 시도
2026-08-15 16:12:49,311 WARNING 리셋 → WAITING: 카메라 끊김
[2026-08-15 16:13:15] 시작
[2026-08-15 16:13:15] 시작
[2026-08-15 16:13:52] 시작
2026-08-15 20:12:34,908 WARNING 카메라 재연결 시도
2026-08-15 20:12:37,125 WARNING 리셋 → WAITING: 카메라 끊김
2026-08-15 20:30:56,272 WARNING 카메라 재연결 시도
2026-08-15 20:30:58,313 WARNING 리셋 → WAITING: 카메라 끊김
2026-08-15 20:31:29,400 WARNING 카메라 재연결 시도
2026-08-15 20:31:31,441 WARNING 리셋 → WAITING: 카메라 끊김
2026-08-15 20:32:02,544 WARNING 카메라 재연결 시도
2026-08-15 20:32:04,591 WARNING 리셋 → WAITING: 카메라 끊김
2026-08-15 20:40:25,606 WARNING 카메라 재연결 시도
2026-08-15 20:40:27,655 WARNING 리셋 → WAITING: 카메라 끊김
2026-08-15 20:43:12,985 WARNING 카메라 재연결 시도
2026-08-15 20:43:15,029 WARNING 리셋 → WAITING: 카메라 끊김
2026-08-15 20:43:46,129 WARNING 카메라 재연결 시도
2026-08-15 20:43:48,174 WARNING 리셋 → WAITING: 카메라 끊김
2026-08-15 20:44:22,737 WARNING 카메라 재연결 시도
2026-08-15 20:44:24,783 WARNING 리셋 → WAITING: 카메라 끊김
2026-08-15 20:46:08,411 WARNING 카메라 재연결 시도
2026-08-15 20:46:10,464 WARNING 리셋 → WAITING: 카메라 끊김
2026-08-15 21:02:44,222 WARNING 카메라 재연결 시도
2026-08-15 21:15:22,682 WARNING 리셋 → WAITING: 카메라 끊김
2026-08-15 21:15:53,793 WARNING 카메라 재연결 시도
2026-08-15 21:15:55,839 WARNING 리셋 → WAITING: 카메라 끊김
2026-08-15 21:20:13,538 WARNING 카메라 재연결 시도
2026-08-15 21:20:15,580 WARNING 리셋 → WAITING: 카메라 끊김
2026-08-15 21:38:04,975 WARNING 카메라 재연결 시도
2026-08-15 21:38:07,017 WARNING 리셋 → WAITING: 카메라 끊김
2026-08-15 21:38:38,111 WARNING 카메라 재연결 시도
2026-08-15 21:38:40,157 WARNING 리셋 → WAITING: 카메라 끊김
2026-08-15 21:56:38,370 WARNING 카메라 재연결 시도
2026-08-15 21:56:40,420 WARNING 리셋 → WAITING: 카메라 끊김
2026-08-15 22:14:11,831 WARNING 카메라 재연결 시도
2026-08-15 22:14:13,880 WARNING 리셋 → WAITING: 카메라 끊김
2026-08-15 22:48:58,524 WARNING 카메라 재연결 시도
2026-08-15 22:49:00,570 WARNING 리셋 → WAITING: 카메라 끊김
2026-08-15 22:49:31,679 WARNING 카메라 재연결 시도
2026-08-15 22:49:33,722 WARNING 리셋 → WAITING: 카메라 끊김
2026-08-15 22:50:04,826 WARNING 카메라 재연결 시도
2026-08-15 22:50:06,869 WARNING 리셋 → WAITING: 카메라 끊김
2026-08-15 23:32:18,059 WARNING 카메라 재연결 시도
2026-08-15 23:42:00,798 WARNING 리셋 → WAITING: 카메라 끊김
2026-08-15 23:42:31,903 WARNING 카메라 재연결 시도
2026-08-15 23:42:33,952 WARNING 리셋 → WAITING: 카메라 끊김
2026-08-16 00:00:14,957 WARNING 카메라 재연결 시도
2026-08-16 00:00:17,006 WARNING 리셋 → WAITING: 카메라 끊김
2026-08-16 00:00:48,099 WARNING 카메라 재연결 시도
2026-08-16 00:00:50,146 WARNING 리셋 → WAITING: 카메라 끊김
2026-08-16 00:01:21,254 WARNING 카메라 재연결 시도
2026-08-16 00:01:23,302 WARNING 리셋 → WAITING: 카메라 끊김
2026-08-16 00:16:11,169 WARNING 카메라 재연결 시도
2026-08-16 00:16:13,216 WARNING 리셋 → WAITING: 카메라 끊김
2026-08-16 01:04:00,677 WARNING 카메라 재연결 시도
2026-08-16 01:04:02,786 WARNING 리셋 → WAITING: 카메라 끊김
2026-08-16 01:09:27,604 WARNING 카메라 재연결 시도
2026-08-16 01:09:29,654 WARNING 리셋 → WAITING: 카메라 끊김
2026-08-16 01:10:00,756 WARNING 카메라 재연결 시도
2026-08-16 01:10:02,806 WARNING 리셋 → WAITING: 카메라 끊김
2026-08-16 01:22:50,430 WARNING 카메라 재연결 시도
2026-08-16 01:22:52,471 WARNING 리셋 → WAITING: 카메라 끊김
2026-08-16 01:25:51,584 WARNING 카메라 재연결 시도
2026-08-16 01:25:53,628 WARNING 리셋 → WAITING: 카메라 끊김
2026-08-16 01:41:55,639 WARNING 카메라 재연결 시도
2026-08-16 01:43:02,821 WARNING 리셋 → WAITING: 카메라 끊김
2026-08-16 02:15:46,931 WARNING 카메라 재연결 시도
2026-08-16 02:15:48,979 WARNING 리셋 → WAITING: 카메라 끊김
2026-08-16 03:04:05,309 WARNING 카메라 재연결 시도
2026-08-16 03:04:07,354 WARNING 리셋 → WAITING: 카메라 끊김
2026-08-16 03:22:11,036 WARNING 카메라 재연결 시도
2026-08-16 03:22:13,085 WARNING 리셋 → WAITING: 카메라 끊김
2026-08-16 03:22:44,192 WARNING 카메라 재연결 시도
2026-08-16 03:25:54,316 WARNING 리셋 → WAITING: 카메라 끊김
2026-08-16 03:31:44,965 WARNING 카메라 재연결 시도
2026-08-16 03:31:47,009 WARNING 리셋 → WAITING: 카메라 끊김
2026-08-16 03:32:31,912 WARNING 카메라 재연결 시도
2026-08-16 03:32:33,957 WARNING 리셋 → WAITING: 카메라 끊김
2026-08-16 04:36:03,983 WARNING 카메라 재연결 시도
2026-08-16 04:36:06,022 WARNING 리셋 → WAITING: 카메라 끊김
2026-08-16 04:36:37,114 WARNING 카메라 재연결 시도
2026-08-16 04:36:39,160 WARNING 리셋 → WAITING: 카메라 끊김
2026-08-16 04:37:10,265 WARNING 카메라 재연결 시도
2026-08-16 04:37:12,314 WARNING 리셋 → WAITING: 카메라 끊김
2026-08-16 04:37:43,422 WARNING 카메라 재연결 시도
2026-08-16 04:37:45,464 WARNING 리셋 → WAITING: 카메라 끊김
2026-08-16 04:38:16,562 WARNING 카메라 재연결 시도
2026-08-16 04:38:18,605 WARNING 리셋 → WAITING: 카메라 끊김
2026-08-16 04:46:55,390 WARNING 카메라 재연결 시도
2026-08-16 04:46:57,435 WARNING 리셋 → WAITING: 카메라 끊김
2026-08-16 05:02:47,810 WARNING 카메라 재연결 시도
2026-08-16 05:12:05,530 WARNING 리셋 → WAITING: 카메라 끊김
2026-08-16 05:12:36,652 WARNING 카메라 재연결 시도
2026-08-16 05:12:38,702 WARNING 리셋 → WAITING: 카메라 끊김
2026-08-16 05:46:18,072 WARNING 카메라 재연결 시도
2026-08-16 05:46:20,120 WARNING 리셋 → WAITING: 카메라 끊김
2026-08-16 05:46:51,223 WARNING 카메라 재연결 시도
2026-08-16 05:46:53,270 WARNING 리셋 → WAITING: 카메라 끊김
2026-08-16 05:47:24,373 WARNING 카메라 재연결 시도
2026-08-16 05:47:26,421 WARNING 리셋 → WAITING: 카메라 끊김
2026-08-16 05:47:57,524 WARNING 카메라 재연결 시도
2026-08-16 05:47:59,570 WARNING 리셋 → WAITING: 카메라 끊김
2026-08-16 06:53:02,646 WARNING 카메라 재연결 시도
2026-08-16 06:53:04,690 WARNING 리셋 → WAITING: 카메라 끊김
2026-08-16 06:53:35,788 WARNING 카메라 재연결 시도
2026-08-16 06:53:37,835 WARNING 리셋 → WAITING: 카메라 끊김
2026-08-16 06:54:08,939 WARNING 카메라 재연결 시도
2026-08-16 06:54:10,983 WARNING 리셋 → WAITING: 카메라 끊김
2026-08-16 06:54:42,083 WARNING 카메라 재연결 시도
2026-08-16 06:54:44,127 WARNING 리셋 → WAITING: 카메라 끊김
2026-08-16 06:55:15,231 WARNING 카메라 재연결 시도
2026-08-16 06:55:17,274 WARNING 리셋 → WAITING: 카메라 끊김
2026-08-16 06:55:48,375 WARNING 카메라 재연결 시도
2026-08-16 06:55:50,418 WARNING 리셋 → WAITING: 카메라 끊김
2026-08-16 07:13:05,473 WARNING 카메라 재연결 시도
2026-08-16 07:13:07,563 WARNING 리셋 → WAITING: 카메라 끊김
2026-08-16 07:13:38,672 WARNING 카메라 재연결 시도
2026-08-16 07:13:40,715 WARNING 리셋 → WAITING: 카메라 끊김
2026-08-16 07:55:08,974 WARNING 카메라 재연결 시도
2026-08-16 07:55:11,023 WARNING 리셋 → WAITING: 카메라 끊김
2026-08-16 07:55:42,128 WARNING 카메라 재연결 시도
2026-08-16 07:55:44,180 WARNING 리셋 → WAITING: 카메라 끊김
2026-08-16 08:14:27,868 WARNING 카메라 재연결 시도
2026-08-16 08:14:29,916 WARNING 리셋 → WAITING: 카메라 끊김
2026-08-16 08:32:15,425 WARNING 카메라 재연결 시도
2026-08-16 08:32:17,475 WARNING 리셋 → WAITING: 카메라 끊김
2026-08-16 08:32:48,589 WARNING 카메라 재연결 시도
2026-08-16 08:50:03,263 WARNING 리셋 → WAITING: 카메라 끊김
2026-08-16 08:58:22,034 WARNING 카메라 재연결 시도
2026-08-16 08:58:24,085 WARNING 리셋 → WAITING: 카메라 끊김
2026-08-16 08:58:55,187 WARNING 카메라 재연결 시도
2026-08-16 08:58:57,237 WARNING 리셋 → WAITING: 카메라 끊김
2026-08-16 09:00:31,111 WARNING 카메라 재연결 시도
2026-08-16 09:00:33,158 WARNING 리셋 → WAITING: 카메라 끊김
2026-08-16 09:07:28,448 WARNING 카메라 재연결 시도
2026-08-16 09:07:30,494 WARNING 리셋 → WAITING: 카메라 끊김
2026-08-16 09:09:52,917 WARNING 카메라 재연결 시도
2026-08-16 09:09:54,963 WARNING 리셋 → WAITING: 카메라 끊김
2026-08-16 09:13:02,484 WARNING 카메라 재연결 시도
2026-08-16 09:13:04,534 WARNING 리셋 → WAITING: 카메라 끊김
2026-08-16 09:14:20,648 WARNING 카메라 재연결 시도
2026-08-16 09:14:22,695 WARNING 리셋 → WAITING: 카메라 끊김
2026-08-16 09:20:47,689 WARNING 카메라 재연결 시도
2026-08-16 09:20:49,734 WARNING 리셋 → WAITING: 카메라 끊김
2026-08-16 10:13:22,730 WARNING 카메라 재연결 시도
2026-08-16 10:13:24,774 WARNING 리셋 → WAITING: 카메라 끊김
2026-08-16 10:13:55,877 WARNING 카메라 재연결 시도
2026-08-16 10:13:57,922 WARNING 리셋 → WAITING: 카메라 끊김
2026-08-16 10:14:29,022 WARNING 카메라 재연결 시도
2026-08-16 10:14:31,064 WARNING 리셋 → WAITING: 카메라 끊김
2026-08-16 10:15:02,168 WARNING 카메라 재연결 시도
2026-08-16 10:15:04,213 WARNING 리셋 → WAITING: 카메라 끊김
2026-08-16 10:15:35,310 WARNING 카메라 재연결 시도
2026-08-16 10:15:37,356 WARNING 리셋 → WAITING: 카메라 끊김
2026-08-16 10:28:11,112 WARNING 카메라 재연결 시도
2026-08-16 10:28:13,157 WARNING 리셋 → WAITING: 카메라 끊김
2026-08-16 11:02:55,018 WARNING 카메라 재연결 시도
2026-08-16 11:02:57,068 WARNING 리셋 → WAITING: 카메라 끊김
2026-08-16 11:15:35,821 WARNING 카메라 재연결 시도
2026-08-16 11:15:37,872 WARNING 리셋 → WAITING: 카메라 끊김
2026-08-16 11:33:18,040 WARNING 카메라 재연결 시도
2026-08-16 11:33:20,089 WARNING 리셋 → WAITING: 카메라 끊김
2026-08-16 12:06:51,900 WARNING 카메라 재연결 시도
2026-08-16 12:06:53,947 WARNING 리셋 → WAITING: 카메라 끊김
2026-08-16 12:07:25,050 WARNING 카메라 재연결 시도
2026-08-16 12:07:27,095 WARNING 리셋 → WAITING: 카메라 끊김
2026-08-16 12:16:31,420 WARNING 카메라 재연결 시도
2026-08-16 12:16:33,469 WARNING 리셋 → WAITING: 카메라 끊김
2026-08-16 12:34:02,543 WARNING 카메라 재연결 시도
2026-08-16 12:34:04,588 WARNING 리셋 → WAITING: 카메라 끊김
2026-08-16 13:17:14,763 WARNING 카메라 재연결 시도
2026-08-16 13:17:16,813 WARNING 리셋 → WAITING: 카메라 끊김
2026-08-16 13:33:23,920 WARNING 카메라 재연결 시도
2026-08-16 13:33:25,965 WARNING 리셋 → WAITING: 카메라 끊김
2026-08-16 13:48:54,722 WARNING 카메라 재연결 시도
2026-08-16 13:48:56,768 WARNING 리셋 → WAITING: 카메라 끊김
2026-08-16 14:18:30,341 WARNING 카메라 재연결 시도
2026-08-16 14:18:32,390 WARNING 리셋 → WAITING: 카메라 끊김
2026-08-16 14:24:17,219 WARNING 카메라 재연결 시도
2026-08-16 14:24:19,266 WARNING 리셋 → WAITING: 카메라 끊김
2026-08-16 14:57:30,274 WARNING 카메라 재연결 시도
2026-08-16 14:57:32,324 WARNING 리셋 → WAITING: 카메라 끊김
